Archive member included to satisfy reference by file (symbol)

C:\Users\Home\Documents\MCUXpressoIDE_10.0.0_344\workspace\CMSIS_CORE_LPC17xx\Debug\libCMSIS_CORE_LPC17xx.a(system_LPC17xx.o)
                              ./src/Estacionamiento.o (SystemCoreClockUpdate)
C:\Users\Home\Documents\MCUXpressoIDE_10.0.0_344\workspace\libLCD\Debug\liblibLCD.a(lcd.o)
                              ./src/Estacionamiento.o (LCD_Init)
C:\Users\Home\Documents\MCUXpressoIDE_10.0.0_344\workspace\lpc_board_nxp_lpcxpresso_1769\Debug\liblpc_board_nxp_lpcxpresso_1769.a(board.o)
                              ./src/Estacionamiento.o (Board_Init)
C:\Users\Home\Documents\MCUXpressoIDE_10.0.0_344\workspace\lpc_chip_175x_6x\Debug\liblpc_chip_175x_6x.a(clock_17xx_40xx.o)
                              C:\Users\Home\Documents\MCUXpressoIDE_10.0.0_344\workspace\lpc_board_nxp_lpcxpresso_1769\Debug\liblpc_board_nxp_lpcxpresso_1769.a(board.o) (Chip_Clock_EnablePeriphClock)
C:\Users\Home\Documents\MCUXpressoIDE_10.0.0_344\workspace\lpc_chip_175x_6x\Debug\liblpc_chip_175x_6x.a(i2s_17xx_40xx.o)
                              C:\Users\Home\Documents\MCUXpressoIDE_10.0.0_344\workspace\lpc_board_nxp_lpcxpresso_1769\Debug\liblpc_board_nxp_lpcxpresso_1769.a(board.o) (Chip_I2S_Init)
C:\Users\Home\Documents\MCUXpressoIDE_10.0.0_344\workspace\lpc_chip_175x_6x\Debug\liblpc_chip_175x_6x.a(iocon_17xx_40xx.o)
                              C:\Users\Home\Documents\MCUXpressoIDE_10.0.0_344\workspace\lpc_board_nxp_lpcxpresso_1769\Debug\liblpc_board_nxp_lpcxpresso_1769.a(board.o) (Chip_IOCON_PinMux)
C:\Users\Home\Documents\MCUXpressoIDE_10.0.0_344\workspace\lpc_chip_175x_6x\Debug\liblpc_chip_175x_6x.a(timer_17xx_40xx.o)
                              C:\Users\Home\Documents\MCUXpressoIDE_10.0.0_344\workspace\libLCD\Debug\liblibLCD.a(lcd.o) (Chip_TIMER_Init)
C:\Users\Home\Documents\MCUXpressoIDE_10.0.0_344\workspace\lpc_chip_175x_6x\Debug\liblpc_chip_175x_6x.a(uart_17xx_40xx.o)
                              C:\Users\Home\Documents\MCUXpressoIDE_10.0.0_344\workspace\lpc_board_nxp_lpcxpresso_1769\Debug\liblpc_board_nxp_lpcxpresso_1769.a(board.o) (Chip_UART_Init)
C:\Users\Home\Documents\MCUXpressoIDE_10.0.0_344\workspace\lpc_chip_175x_6x\Debug\liblpc_chip_175x_6x.a(ring_buffer.o)
                              C:\Users\Home\Documents\MCUXpressoIDE_10.0.0_344\workspace\lpc_chip_175x_6x\Debug\liblpc_chip_175x_6x.a(uart_17xx_40xx.o) (RingBuffer_Insert)
c:/nxp/mcuxpressoide_10.0.0_344/ide/tools/bin/../lib/gcc/arm-none-eabi/5.4.1/../../../../arm-none-eabi/lib/armv7-m\libcr_c.a(memcpy.o)
                              C:\Users\Home\Documents\MCUXpressoIDE_10.0.0_344\workspace\lpc_board_nxp_lpcxpresso_1769\Debug\liblpc_board_nxp_lpcxpresso_1769.a(board.o) (memcpy)
c:/nxp/mcuxpressoide_10.0.0_344/ide/tools/bin/../lib/gcc/arm-none-eabi/5.4.1/../../../../arm-none-eabi/lib/armv7-m\libcr_c.a(__weak__main.o)
                              ./src/cr_startup_lpc175x_6x.o (__main)
c:/nxp/mcuxpressoide_10.0.0_344/ide/tools/bin/../lib/gcc/arm-none-eabi/5.4.1/../../../../arm-none-eabi/lib/armv7-m\libcr_c.a(strcmp.o)
                              ./src/Estacionamiento.o (strcmp)
c:/nxp/mcuxpressoide_10.0.0_344/ide/tools/bin/../lib/gcc/arm-none-eabi/5.4.1/armv7-m\libcr_eabihelpers.a(division_64.o)
                              C:\Users\Home\Documents\MCUXpressoIDE_10.0.0_344\workspace\CMSIS_CORE_LPC17xx\Debug\libCMSIS_CORE_LPC17xx.a(system_LPC17xx.o) (__aeabi_uldivmod)
c:/nxp/mcuxpressoide_10.0.0_344/ide/tools/bin/../lib/gcc/arm-none-eabi/5.4.1/armv7-m\libcr_eabihelpers.a(division_idiv0.o)
                              c:/nxp/mcuxpressoide_10.0.0_344/ide/tools/bin/../lib/gcc/arm-none-eabi/5.4.1/armv7-m\libcr_eabihelpers.a(division_64.o) (__aeabi_idiv0)
c:/nxp/mcuxpressoide_10.0.0_344/ide/tools/bin/../lib/gcc/arm-none-eabi/5.4.1/armv7-m\libcr_eabihelpers.a(memcpy.o)
                              c:/nxp/mcuxpressoide_10.0.0_344/ide/tools/bin/../lib/gcc/arm-none-eabi/5.4.1/../../../../arm-none-eabi/lib/armv7-m\libcr_c.a(memcpy.o) (__aeabi_memcpy)

Allocating common symbols
Common symbol       size              file

usTicks             0x4               C:\Users\Home\Documents\MCUXpressoIDE_10.0.0_344\workspace\libLCD\Debug\liblibLCD.a(lcd.o)

Discarded input sections

 .group         0x00000000        0x8 ./src/Estacionamiento.o
 .group         0x00000000        0x8 ./src/Estacionamiento.o
 .group         0x00000000        0x8 ./src/Estacionamiento.o
 .group         0x00000000        0x8 ./src/Estacionamiento.o
 .group         0x00000000        0x8 ./src/Estacionamiento.o
 .group         0x00000000        0x8 ./src/Estacionamiento.o
 .group         0x00000000        0x8 ./src/Estacionamiento.o
 .group         0x00000000        0x8 ./src/Estacionamiento.o
 .group         0x00000000        0x8 ./src/Estacionamiento.o
 .group         0x00000000        0x8 ./src/Estacionamiento.o
 .group         0x00000000        0x8 ./src/Estacionamiento.o
[...]
Memory Configuration

Name             Origin             Length             Attributes
MFlash512        0x00000000         0x00080000         xr
RamLoc32         0x10000000         0x00008000         xrw
RamAHB32         0x2007c000         0x00008000         xrw
*default*        0x00000000         0xffffffff

Linker script and memory map

LOAD ./src/Estacionamiento.o
LOAD ./src/cr_startup_lpc175x_6x.o
LOAD ./src/crp.o
LOAD ./src/sysinit.o
LOAD ./inc/pwm.o
LOAD C:\Users\Home\Documents\MCUXpressoIDE_10.0.0_344\workspace\CMSIS_CORE_LPC17xx\Debug\libCMSIS_CORE_LPC17xx.a
LOAD C:\Users\Home\Documents\MCUXpressoIDE_10.0.0_344\workspace\libLCD\Debug\liblibLCD.a
LOAD C:\Users\Home\Documents\MCUXpressoIDE_10.0.0_344\workspace\lpc_board_nxp_lpcxpresso_1769\Debug\liblpc_board_nxp_lpcxpresso_1769.a
LOAD C:\Users\Home\Documents\MCUXpressoIDE_10.0.0_344\workspace\lpc_chip_175x_6x\Debug\liblpc_chip_175x_6x.a
START GROUP
LOAD c:/nxp/mcuxpressoide_10.0.0_344/ide/tools/bin/../lib/gcc/arm-none-eabi/5.4.1/../../../../arm-none-eabi/lib/armv7-m\libcr_c.a
LOAD c:/nxp/mcuxpressoide_10.0.0_344/ide/tools/bin/../lib/gcc/arm-none-eabi/5.4.1/armv7-m\libcr_eabihelpers.a
END GROUP
                0x00000000                __base_MFlash512 = 0x0
                0x00000000                __base_Flash = 0x0
                0x00080000                __top_MFlash512 = 0x80000
                0x00080000                __top_Flash = 0x80000
                0x10000000                __base_RamLoc32 = 0x10000000
                0x10000000                __base_RAM = 0x10000000
                0x10008000                __top_RamLoc32 = 0x10008000
                0x10008000                __top_RAM = 0x10008000
                0x2007c000                __base_RamAHB32 = 0x2007c000
                0x2007c000                __base_RAM2 = 0x2007c000
                0x20084000                __top_RamAHB32 = 0x20084000
                0x20084000                __top_RAM2 = 0x20084000

.text           0x00000000     0x1ce8
 FILL mask 0xff
                0x00000000                __vectors_start__ = ABSOLUTE (.)
 *(.isr_vector)
 .isr_vector    0x00000000       0xcc ./src/cr_startup_lpc175x_6x.o
                0x00000000                g_pfnVectors
                0x000000cc                . = ALIGN (0x4)
                0x000000cc                __section_table_start = .
                0x000000cc                __data_section_table = .
                0x000000cc        0x4 LONG 0x1ce8 LOADADDR (.data)
                0x000000d0        0x4 LONG 0x10000000 ADDR (.data)
                0x000000d4        0x4 LONG 0x4 SIZEOF (.data)
                0x000000d8        0x4 LONG 0x1ce8 LOADADDR (.data_RAM2)
                0x000000dc        0x4 LONG 0x2007c000 ADDR (.data_RAM2)
                0x000000e0        0x4 LONG 0x0 SIZEOF (.data_RAM2)
                0x000000e4                __data_section_table_end = .
                0x000000e4                __bss_section_table = .
                0x000000e4        0x4 LONG 0x10000004 ADDR (.bss)
                0x000000e8        0x4 LONG 0x28 SIZEOF (.bss)
                0x000000ec        0x4 LONG 0x2007c000 ADDR (.bss_RAM2)
                0x000000f0        0x4 LONG 0x0 SIZEOF (.bss_RAM2)
                0x000000f4                __bss_section_table_end = .
                0x000000f4                __section_table_end = .
 *(.after_vectors*)
 .after_vectors
                0x000000f4      0x144 ./src/cr_startup_lpc175x_6x.o
                0x000000f4                data_init
                0x00000138                bss_init
                0x00000170                ResetISR
                0x000001e8                NMI_Handler
                0x000001f0                HardFault_Handler
                0x000001f8                MemManage_Handler
                0x00000200                BusFault_Handler
                0x00000208                UsageFault_Handler
                0x00000210                SVC_Handler
                0x00000218                DebugMon_Handler
                0x00000220                PendSV_Handler
                0x00000230                UART1_IRQHandler
                0x00000230                CANActivity_IRQHandler
                0x00000230                TIMER3_IRQHandler
                0x00000230                UART0_IRQHandler
                0x00000230                USBActivity_IRQHandler
                0x00000230                EINT2_IRQHandler
                0x00000230                IntDefaultHandler
                0x00000230                PLL0_IRQHandler
                0x00000230                CAN_IRQHandler
                0x00000230                I2C0_IRQHandler
                0x00000230                SSP0_IRQHandler
                0x00000230                I2C1_IRQHandler
                0x00000230                I2C2_IRQHandler
                0x00000230                RTC_IRQHandler
                0x00000230                TIMER0_IRQHandler
                0x00000230                SPI_IRQHandler
                0x00000230                RIT_IRQHandler
                0x00000230                EINT1_IRQHandler
                0x00000230                UART2_IRQHandler
                0x00000230                ADC_IRQHandler
                0x00000230                SSP1_IRQHandler
                0x00000230                USB_IRQHandler
                0x00000230                BOD_IRQHandler
                0x00000230                PWM1_IRQHandler
                0x00000230                WDT_IRQHandler
                0x00000230                I2S_IRQHandler
                0x00000230                QEI_IRQHandler
                0x00000230                EINT0_IRQHandler
                0x00000230                ETH_IRQHandler
                0x00000230                PLL1_IRQHandler
                0x00000230                DMA_IRQHandler
                0x00000230                TIMER2_IRQHandler
                0x00000230                UART3_IRQHandler
                0x00000230                MCPWM_IRQHandler
                0x000002fc                . = 0x2fc
 *fill*         0x00000238       0xc4 ff
                0x000002fc                PROVIDE (__CRP_WORD_START__, .)
 *(.crp)
 .crp           0x000002fc        0x4 ./src/crp.o
                0x000002fc                CRP_WORD
                0x00000300                PROVIDE (__CRP_WORD_END__, .)
                0x00000001                ASSERT (! ((__CRP_WORD_START__ == __CRP_WORD_END__)), Linker CRP Enabled, but no CRP_WORD provided within application)
 *(.text*)
 .text.NVIC_EnableIRQ
                0x00000300       0x30 ./src/Estacionamiento.o
 .text.NVIC_ClearPendingIRQ
                0x00000330       0x34 ./src/Estacionamiento.o
 .text.NVIC_SetPriority
                0x00000364       0x54 ./src/Estacionamiento.o
 .text.SysTick_Config
                0x000003b8       0x44 ./src/Estacionamiento.o
 .text.Chip_GPIO_GetPinState
                0x000003fc       0x38 ./src/Estacionamiento.o
 .text.Chip_GPIO_SetPinDIROutput
                0x00000434       0x38 ./src/Estacionamiento.o
 .text.Chip_GPIO_SetPinDIRInput
                0x0000046c       0x3c ./src/Estacionamiento.o
 .text.Chip_GPIO_SetPinOutHigh
                0x000004a8       0x2c ./src/Estacionamiento.o
 .text.Chip_GPIO_SetPinOutLow
                0x000004d4       0x2c ./src/Estacionamiento.o
 .text.Chip_GPIOINT_SetIntFalling
                0x00000500       0x2c ./src/Estacionamiento.o
 .text.Chip_GPIOINT_GetStatusFalling
                0x0000052c       0x28 ./src/Estacionamiento.o
 .text.Chip_GPIOINT_ClearIntStatus
                0x00000554       0x2c ./src/Estacionamiento.o
 .text.main     0x00000580      0x1c4 ./src/Estacionamiento.o
                0x00000580                main
 .text.delay    0x00000744       0x44 ./src/Estacionamiento.o
                0x00000744                delay
 .text.EINT3_IRQHandler
                0x00000788       0x40 ./src/Estacionamiento.o
                0x00000788                EINT3_IRQHandler
 .text.CerrarBarrera
                0x000007c8        0xc ./src/Estacionamiento.o
                0x000007c8                CerrarBarrera
 .text.AbrirBarrera
                0x000007d4       0x70 ./src/Estacionamiento.o
                0x000007d4                AbrirBarrera
 .text.RefrescarSensores
                0x00000844       0x7c ./src/Estacionamiento.o
                0x00000844                RefrescarSensores
 .text.RefrescarLuces
                0x000008c0       0xc4 ./src/Estacionamiento.o
                0x000008c0                RefrescarLuces
 .text.MostrarMensajeStdBy
                0x00000984       0x64 ./src/Estacionamiento.o
                0x00000984                MostrarMensajeStdBy
 .text.MostrarMensaje
                0x000009e8       0x54 ./src/Estacionamiento.o
                0x000009e8                MostrarMensaje
 .text.BuscarLugar
                0x00000a3c       0x64 ./src/Estacionamiento.o
                0x00000a3c                BuscarLugar
 .text.Iluminar
                0x00000aa0      0x16c ./src/Estacionamiento.o
                0x00000aa0                Iluminar
 .text.LeeTarjeta
                0x00000c0c       0x14 ./src/Estacionamiento.o
                0x00000c0c                LeeTarjeta
 .text.SysTick_Handler
                0x00000c20       0x24 ./src/Estacionamiento.o
                0x00000c20                SysTick_Handler
 .text.InitPWM  0x00000c44       0x90 ./inc/pwm.o
                0x00000c44                InitPWM
 .text.SetPWM   0x00000cd4       0x24 ./inc/pwm.o
                0x00000cd4                SetPWM
 .text.SystemCoreClockUpdate
                0x00000cf8       0xb4 C:\Users\Home\Documents\MCUXpressoIDE_10.0.0_344\workspace\CMSIS_CORE_LPC17xx\Debug\libCMSIS_CORE_LPC17xx.a(system_LPC17xx.o)
                0x00000cf8                SystemCoreClockUpdate
 .text.SystemInit
                0x00000dac       0xe4 C:\Users\Home\Documents\MCUXpressoIDE_10.0.0_344\workspace\CMSIS_CORE_LPC17xx\Debug\libCMSIS_CORE_LPC17xx.a(system_LPC17xx.o)
                0x00000dac                SystemInit
 .text.NVIC_EnableIRQ
                0x00000e90       0x30 C:\Users\Home\Documents\MCUXpressoIDE_10.0.0_344\workspace\libLCD\Debug\liblibLCD.a(lcd.o)
 .text.NVIC_DisableIRQ
                0x00000ec0       0x34 C:\Users\Home\Documents\MCUXpressoIDE_10.0.0_344\workspace\libLCD\Debug\liblibLCD.a(lcd.o)
 .text.Chip_TIMER_MatchPending
                0x00000ef4       0x34 C:\Users\Home\Documents\MCUXpressoIDE_10.0.0_344\workspace\libLCD\Debug\liblibLCD.a(lcd.o)
 .text.Chip_TIMER_ClearMatch
                0x00000f28       0x28 C:\Users\Home\Documents\MCUXpressoIDE_10.0.0_344\workspace\libLCD\Debug\liblibLCD.a(lcd.o)
 .text.Chip_TIMER_Enable
                0x00000f50       0x20 C:\Users\Home\Documents\MCUXpressoIDE_10.0.0_344\workspace\libLCD\Debug\liblibLCD.a(lcd.o)
 .text.Chip_TIMER_Disable
                0x00000f70       0x20 C:\Users\Home\Documents\MCUXpressoIDE_10.0.0_344\workspace\libLCD\Debug\liblibLCD.a(lcd.o)
 .text.Chip_TIMER_PrescaleSet
                0x00000f90       0x1c C:\Users\Home\Documents\MCUXpressoIDE_10.0.0_344\workspace\libLCD\Debug\liblibLCD.a(lcd.o)
 .text.Chip_TIMER_SetMatch
                0x00000fac       0x28 C:\Users\Home\Documents\MCUXpressoIDE_10.0.0_344\workspace\libLCD\Debug\liblibLCD.a(lcd.o)
 .text.Chip_TIMER_MatchEnableInt
                0x00000fd4       0x34 C:\Users\Home\Documents\MCUXpressoIDE_10.0.0_344\workspace\libLCD\Debug\liblibLCD.a(lcd.o)
 .text.Chip_TIMER_ResetOnMatchEnable
                0x00001008       0x34 C:\Users\Home\Documents\MCUXpressoIDE_10.0.0_344\workspace\libLCD\Debug\liblibLCD.a(lcd.o)
 .text.Chip_TIMER_StopOnMatchDisable
                0x0000103c       0x38 C:\Users\Home\Documents\MCUXpressoIDE_10.0.0_344\workspace\libLCD\Debug\liblibLCD.a(lcd.o)
 .text.LCD_Init
                0x00001074       0x80 C:\Users\Home\Documents\MCUXpressoIDE_10.0.0_344\workspace\libLCD\Debug\liblibLCD.a(lcd.o)
                0x00001074                LCD_Init
 .text.LCD_SendNibble
                0x000010f4       0x94 C:\Users\Home\Documents\MCUXpressoIDE_10.0.0_344\workspace\libLCD\Debug\liblibLCD.a(lcd.o)
                0x000010f4                LCD_SendNibble
 .text.LCD_SendChar
                0x00001188       0x2c C:\Users\Home\Documents\MCUXpressoIDE_10.0.0_344\workspace\libLCD\Debug\liblibLCD.a(lcd.o)
                0x00001188                LCD_SendChar
 .text.LCD_SendInstruction
                0x000011b4       0x3c C:\Users\Home\Documents\MCUXpressoIDE_10.0.0_344\workspace\libLCD\Debug\liblibLCD.a(lcd.o)
                0x000011b4                LCD_SendInstruction
 .text.LCD_SendByte
                0x000011f0       0x28 C:\Users\Home\Documents\MCUXpressoIDE_10.0.0_344\workspace\libLCD\Debug\liblibLCD.a(lcd.o)
                0x000011f0                LCD_SendByte
 .text.LCD_GoToxy
                0x00001218       0x68 C:\Users\Home\Documents\MCUXpressoIDE_10.0.0_344\workspace\libLCD\Debug\liblibLCD.a(lcd.o)
                0x00001218                LCD_GoToxy
 .text.LCD_Print
                0x00001280       0x2c C:\Users\Home\Documents\MCUXpressoIDE_10.0.0_344\workspace\libLCD\Debug\liblibLCD.a(lcd.o)
                0x00001280                LCD_Print
 .text.LCD_usDelay
                0x000012ac       0x48 C:\Users\Home\Documents\MCUXpressoIDE_10.0.0_344\workspace\libLCD\Debug\liblibLCD.a(lcd.o)
                0x000012ac                LCD_usDelay
 .text.LCD_Tim1Init
                0x000012f4       0x5c C:\Users\Home\Documents\MCUXpressoIDE_10.0.0_344\workspace\libLCD\Debug\liblibLCD.a(lcd.o)
                0x000012f4                LCD_Tim1Init
 .text.LCD_Tim1DeInit
                0x00001350       0x18 C:\Users\Home\Documents\MCUXpressoIDE_10.0.0_344\workspace\libLCD\Debug\liblibLCD.a(lcd.o)
                0x00001350                LCD_Tim1DeInit
 .text.TIMER1_IRQHandler
                0x00001368       0x30 C:\Users\Home\Documents\MCUXpressoIDE_10.0.0_344\workspace\libLCD\Debug\liblibLCD.a(lcd.o)
                0x00001368                TIMER1_IRQHandler
 .text.Chip_IOCON_Init
                0x00001398       0x18 C:\Users\Home\Documents\MCUXpressoIDE_10.0.0_344\workspace\lpc_board_nxp_lpcxpresso_1769\Debug\liblpc_board_nxp_lpcxpresso_1769.a(board.o)
 .text.Chip_GPIO_Init
                0x000013b0       0x18 C:\Users\Home\Documents\MCUXpressoIDE_10.0.0_344\workspace\lpc_board_nxp_lpcxpresso_1769\Debug\liblpc_board_nxp_lpcxpresso_1769.a(board.o)
 .text.Chip_GPIO_SetPinDIROutput
                0x000013c8       0x38 C:\Users\Home\Documents\MCUXpressoIDE_10.0.0_344\workspace\lpc_board_nxp_lpcxpresso_1769\Debug\liblpc_board_nxp_lpcxpresso_1769.a(board.o)
 .text.Chip_GPIO_SetPinDIRInput
                0x00001400       0x3c C:\Users\Home\Documents\MCUXpressoIDE_10.0.0_344\workspace\lpc_board_nxp_lpcxpresso_1769\Debug\liblpc_board_nxp_lpcxpresso_1769.a(board.o)
 .text.Chip_GPIO_SetPinDIR
                0x0000143c       0x44 C:\Users\Home\Documents\MCUXpressoIDE_10.0.0_344\workspace\lpc_board_nxp_lpcxpresso_1769\Debug\liblpc_board_nxp_lpcxpresso_1769.a(board.o)
 .text.Chip_GPIO_WriteDirBit
                0x00001480       0x30 C:\Users\Home\Documents\MCUXpressoIDE_10.0.0_344\workspace\lpc_board_nxp_lpcxpresso_1769\Debug\liblpc_board_nxp_lpcxpresso_1769.a(board.o)
 .text.Chip_UART_ConfigData
                0x000014b0       0x1c C:\Users\Home\Documents\MCUXpressoIDE_10.0.0_344\workspace\lpc_board_nxp_lpcxpresso_1769\Debug\liblpc_board_nxp_lpcxpresso_1769.a(board.o)
 .text.Board_LED_Init
                0x000014cc       0x18 C:\Users\Home\Documents\MCUXpressoIDE_10.0.0_344\workspace\lpc_board_nxp_lpcxpresso_1769\Debug\liblpc_board_nxp_lpcxpresso_1769.a(board.o)
 .text.Board_UART_Init
                0x000014e4       0x14 C:\Users\Home\Documents\MCUXpressoIDE_10.0.0_344\workspace\lpc_board_nxp_lpcxpresso_1769\Debug\liblpc_board_nxp_lpcxpresso_1769.a(board.o)
                0x000014e4                Board_UART_Init
 .text.Board_Debug_Init
                0x000014f8       0x30 C:\Users\Home\Documents\MCUXpressoIDE_10.0.0_344\workspace\lpc_board_nxp_lpcxpresso_1769\Debug\liblpc_board_nxp_lpcxpresso_1769.a(board.o)
                0x000014f8                Board_Debug_Init
 .text.Board_Init
                0x00001528       0x24 C:\Users\Home\Documents\MCUXpressoIDE_10.0.0_344\workspace\lpc_board_nxp_lpcxpresso_1769\Debug\liblpc_board_nxp_lpcxpresso_1769.a(board.o)
                0x00001528                Board_Init
 .text.Chip_Clock_IsMainPLLEnabled
                0x0000154c       0x24 C:\Users\Home\Documents\MCUXpressoIDE_10.0.0_344\workspace\lpc_chip_175x_6x\Debug\liblpc_chip_175x_6x.a(clock_17xx_40xx.o)
 .text.Chip_Clock_IsMainPLLConnected
                0x00001570       0x24 C:\Users\Home\Documents\MCUXpressoIDE_10.0.0_344\workspace\lpc_chip_175x_6x\Debug\liblpc_chip_175x_6x.a(clock_17xx_40xx.o)
 .text.Chip_Clock_GetMainPLLSource
                0x00001594       0x20 C:\Users\Home\Documents\MCUXpressoIDE_10.0.0_344\workspace\lpc_chip_175x_6x\Debug\liblpc_chip_175x_6x.a(clock_17xx_40xx.o)
 .text.Chip_Clock_GetMainOscRate
                0x000015b4       0x14 C:\Users\Home\Documents\MCUXpressoIDE_10.0.0_344\workspace\lpc_chip_175x_6x\Debug\liblpc_chip_175x_6x.a(clock_17xx_40xx.o)
 .text.Chip_Clock_GetIntOscRate
                0x000015c8       0x14 C:\Users\Home\Documents\MCUXpressoIDE_10.0.0_344\workspace\lpc_chip_175x_6x\Debug\liblpc_chip_175x_6x.a(clock_17xx_40xx.o)
 .text.Chip_Clock_GetRTCOscRate
                0x000015dc       0x14 C:\Users\Home\Documents\MCUXpressoIDE_10.0.0_344\workspace\lpc_chip_175x_6x\Debug\liblpc_chip_175x_6x.a(clock_17xx_40xx.o)
 .text.Chip_Clock_GetMainPLLInClockRate
                0x000015f0       0x10 C:\Users\Home\Documents\MCUXpressoIDE_10.0.0_344\workspace\lpc_chip_175x_6x\Debug\liblpc_chip_175x_6x.a(clock_17xx_40xx.o)
 .text.Chip_Clock_EnablePeriphClock
                0x00001600       0x34 C:\Users\Home\Documents\MCUXpressoIDE_10.0.0_344\workspace\lpc_chip_175x_6x\Debug\liblpc_chip_175x_6x.a(clock_17xx_40xx.o)
                0x00001600                Chip_Clock_EnablePeriphClock
 .text.Chip_Clock_GetCPUClockSource
                0x00001634       0x24 C:\Users\Home\Documents\MCUXpressoIDE_10.0.0_344\workspace\lpc_chip_175x_6x\Debug\liblpc_chip_175x_6x.a(clock_17xx_40xx.o)
                0x00001634                Chip_Clock_GetCPUClockSource
 .text.Chip_Clock_GetCPUClockDiv
                0x00001658       0x1c C:\Users\Home\Documents\MCUXpressoIDE_10.0.0_344\workspace\lpc_chip_175x_6x\Debug\liblpc_chip_175x_6x.a(clock_17xx_40xx.o)
                0x00001658                Chip_Clock_GetCPUClockDiv
 .text.Chip_Clock_GetPCLKDiv
                0x00001674       0x8c C:\Users\Home\Documents\MCUXpressoIDE_10.0.0_344\workspace\lpc_chip_175x_6x\Debug\liblpc_chip_175x_6x.a(clock_17xx_40xx.o)
                0x00001674                Chip_Clock_GetPCLKDiv
 .text.Chip_Clock_GetSYSCLKRate
                0x00001700       0x34 C:\Users\Home\Documents\MCUXpressoIDE_10.0.0_344\workspace\lpc_chip_175x_6x\Debug\liblpc_chip_175x_6x.a(clock_17xx_40xx.o)
                0x00001700                Chip_Clock_GetSYSCLKRate
 .text.Chip_Clock_GetMainPLLOutClockRate
                0x00001734       0x54 C:\Users\Home\Documents\MCUXpressoIDE_10.0.0_344\workspace\lpc_chip_175x_6x\Debug\liblpc_chip_175x_6x.a(clock_17xx_40xx.o)
                0x00001734                Chip_Clock_GetMainPLLOutClockRate
 .text.Chip_Clock_GetMainClockRate
                0x00001788       0x28 C:\Users\Home\Documents\MCUXpressoIDE_10.0.0_344\workspace\lpc_chip_175x_6x\Debug\liblpc_chip_175x_6x.a(clock_17xx_40xx.o)
                0x00001788                Chip_Clock_GetMainClockRate
 .text.Chip_Clock_GetSystemClockRate
                0x000017b0       0x18 C:\Users\Home\Documents\MCUXpressoIDE_10.0.0_344\workspace\lpc_chip_175x_6x\Debug\liblpc_chip_175x_6x.a(clock_17xx_40xx.o)
                0x000017b0                Chip_Clock_GetSystemClockRate
 .text.Chip_Clock_GetPeripheralClockRate
                0x000017c8       0x28 C:\Users\Home\Documents\MCUXpressoIDE_10.0.0_344\workspace\lpc_chip_175x_6x\Debug\liblpc_chip_175x_6x.a(clock_17xx_40xx.o)
                0x000017c8                Chip_Clock_GetPeripheralClockRate
 .text.Chip_Timer_GetClockIndex
                0x000017f0       0x50 C:\Users\Home\Documents\MCUXpressoIDE_10.0.0_344\workspace\lpc_chip_175x_6x\Debug\liblpc_chip_175x_6x.a(timer_17xx_40xx.o)
 .text.Chip_TIMER_Init
                0x00001840       0x20 C:\Users\Home\Documents\MCUXpressoIDE_10.0.0_344\workspace\lpc_chip_175x_6x\Debug\liblpc_chip_175x_6x.a(timer_17xx_40xx.o)
                0x00001840                Chip_TIMER_Init
 .text.Chip_TIMER_Reset
                0x00001860       0x3c C:\Users\Home\Documents\MCUXpressoIDE_10.0.0_344\workspace\lpc_chip_175x_6x\Debug\liblpc_chip_175x_6x.a(timer_17xx_40xx.o)
                0x00001860                Chip_TIMER_Reset
 .text.Chip_UART_SetupFIFOS
                0x0000189c       0x1c C:\Users\Home\Documents\MCUXpressoIDE_10.0.0_344\workspace\lpc_chip_175x_6x\Debug\liblpc_chip_175x_6x.a(uart_17xx_40xx.o)
 .text.Chip_UART_ConfigData
                0x000018b8       0x1c C:\Users\Home\Documents\MCUXpressoIDE_10.0.0_344\workspace\lpc_chip_175x_6x\Debug\liblpc_chip_175x_6x.a(uart_17xx_40xx.o)
 .text.Chip_UART_EnableDivisorAccess
                0x000018d4       0x20 C:\Users\Home\Documents\MCUXpressoIDE_10.0.0_344\workspace\lpc_chip_175x_6x\Debug\liblpc_chip_175x_6x.a(uart_17xx_40xx.o)
 .text.Chip_UART_DisableDivisorAccess
                0x000018f4       0x20 C:\Users\Home\Documents\MCUXpressoIDE_10.0.0_344\workspace\lpc_chip_175x_6x\Debug\liblpc_chip_175x_6x.a(uart_17xx_40xx.o)
 .text.Chip_UART_SetDivisorLatches
                0x00001914       0x28 C:\Users\Home\Documents\MCUXpressoIDE_10.0.0_344\workspace\lpc_chip_175x_6x\Debug\liblpc_chip_175x_6x.a(uart_17xx_40xx.o)
 .text.Chip_UART_GetClockIndex
                0x0000193c       0x50 C:\Users\Home\Documents\MCUXpressoIDE_10.0.0_344\workspace\lpc_chip_175x_6x\Debug\liblpc_chip_175x_6x.a(uart_17xx_40xx.o)
 .text.Chip_UART_GetClkIndex
                0x0000198c       0x50 C:\Users\Home\Documents\MCUXpressoIDE_10.0.0_344\workspace\lpc_chip_175x_6x\Debug\liblpc_chip_175x_6x.a(uart_17xx_40xx.o)
 .text.Chip_UART_Init
                0x000019dc       0x78 C:\Users\Home\Documents\MCUXpressoIDE_10.0.0_344\workspace\lpc_chip_175x_6x\Debug\liblpc_chip_175x_6x.a(uart_17xx_40xx.o)
                0x000019dc                Chip_UART_Init
 .text.Chip_UART_TXEnable
                0x00001a54       0x18 C:\Users\Home\Documents\MCUXpressoIDE_10.0.0_344\workspace\lpc_chip_175x_6x\Debug\liblpc_chip_175x_6x.a(uart_17xx_40xx.o)
                0x00001a54                Chip_UART_TXEnable
 .text.Chip_UART_TXDisable
                0x00001a6c       0x18 C:\Users\Home\Documents\MCUXpressoIDE_10.0.0_344\workspace\lpc_chip_175x_6x\Debug\liblpc_chip_175x_6x.a(uart_17xx_40xx.o)
                0x00001a6c                Chip_UART_TXDisable
 .text.Chip_UART_SetBaud
                0x00001a84       0x64 C:\Users\Home\Documents\MCUXpressoIDE_10.0.0_344\workspace\lpc_chip_175x_6x\Debug\liblpc_chip_175x_6x.a(uart_17xx_40xx.o)
                0x00001a84                Chip_UART_SetBaud
 .text.__weak_main
                0x00001ae8        0x4 c:/nxp/mcuxpressoide_10.0.0_344/ide/tools/bin/../lib/gcc/arm-none-eabi/5.4.1/../../../../arm-none-eabi/lib/armv7-m\libcr_c.a(__weak__main.o)
                0x00001ae8                __weak_main
                0x00001ae8                __main
 .text.strcmp   0x00001aec       0x44 c:/nxp/mcuxpressoide_10.0.0_344/ide/tools/bin/../lib/gcc/arm-none-eabi/5.4.1/../../../../arm-none-eabi/lib/armv7-m\libcr_c.a(strcmp.o)
                0x00001aec                strcmp
 .text.__aeabi_division_uldivmod
                0x00001b30      0x174 c:/nxp/mcuxpressoide_10.0.0_344/ide/tools/bin/../lib/gcc/arm-none-eabi/5.4.1/armv7-m\libcr_eabihelpers.a(division_64.o)
                0x00001b30                __aeabi_uldivmod
                0x00001b34                __bhs_ldivmod1
 .text.__aeabi_division_idiv0
                0x00001ca4        0x2 c:/nxp/mcuxpressoide_10.0.0_344/ide/tools/bin/../lib/gcc/arm-none-eabi/5.4.1/armv7-m\libcr_eabihelpers.a(division_idiv0.o)
                0x00001ca4                __aeabi_idiv0
 *(.rodata .rodata.* .constdata .constdata.*)
 *fill*         0x00001ca6        0x2 ff
 .rodata        0x00001ca8       0x37 ./src/Estacionamiento.o
 *fill*         0x00001cdf        0x1 ff
 .rodata.OscRateIn
                0x00001ce0        0x4 C:\Users\Home\Documents\MCUXpressoIDE_10.0.0_344\workspace\lpc_board_nxp_lpcxpresso_1769\Debug\liblpc_board_nxp_lpcxpresso_1769.a(board.o)
                0x00001ce0                OscRateIn
 .rodata.RTCOscRateIn
                0x00001ce4        0x4 C:\Users\Home\Documents\MCUXpressoIDE_10.0.0_344\workspace\lpc_board_nxp_lpcxpresso_1769\Debug\liblpc_board_nxp_lpcxpresso_1769.a(board.o)
                0x00001ce4                RTCOscRateIn
                0x00001ce8                . = ALIGN (0x4)

.glue_7         0x00001ce8        0x0
 .glue_7        0x00001ce8        0x0 linker stubs

.glue_7t        0x00001ce8        0x0
 .glue_7t       0x00001ce8        0x0 linker stubs

.vfp11_veneer   0x00001ce8        0x0
 .vfp11_veneer  0x00001ce8        0x0 linker stubs

.v4_bx          0x00001ce8        0x0
 .v4_bx         0x00001ce8        0x0 linker stubs

.iplt           0x00001ce8        0x0
 .iplt          0x00001ce8        0x0 ./src/Estacionamiento.o

.rel.dyn        0x00001ce8        0x0
 .rel.iplt      0x00001ce8        0x0 ./src/Estacionamiento.o

.ARM.extab
 *(.ARM.extab* .gnu.linkonce.armextab.*)
                0x00001ce8                __exidx_start = .

.ARM.exidx
 *(.ARM.exidx* .gnu.linkonce.armexidx.*)
                0x00001ce8                __exidx_end = .
                0x00001ce8                _etext = .

.data_RAM2      0x2007c000        0x0 load address 0x00001ce8
 FILL mask 0xff
                [!provide]                PROVIDE (__start_data_RAM2, .)
 *(.ramfunc.$RAM2)
 *(.ramfunc.$RamAHB32)
 *(.data.$RAM2*)
 *(.data.$RamAHB32*)
                0x2007c000                . = ALIGN (0x4)
                [!provide]                PROVIDE (__end_data_RAM2, .)

.uninit_RESERVED
                0x10000000        0x0
 *(.bss.$RESERVED*)
                0x10000000                . = ALIGN (0x4)
                0x10000000                _end_uninit_RESERVED = .

.data           0x10000000        0x4 load address 0x00001ce8
 FILL mask 0xff
                0x10000000                _data = .
 *(vtable)
 *(.ramfunc*)
 *(.data*)
 .data.SystemCoreClock
                0x10000000        0x4 C:\Users\Home\Documents\MCUXpressoIDE_10.0.0_344\workspace\CMSIS_CORE_LPC17xx\Debug\libCMSIS_CORE_LPC17xx.a(system_LPC17xx.o)
                0x10000000                SystemCoreClock
                0x10000004                . = ALIGN (0x4)
                0x10000004                _edata = .

.igot.plt       0x10000004        0x0 load address 0x00001cec
 .igot.plt      0x10000004        0x0 ./src/Estacionamiento.o

.bss_RAM2       0x2007c000        0x0
                [!provide]                PROVIDE (__start_bss_RAM2, .)
 *(.bss.$RAM2*)
 *(.bss.$RamAHB32*)
                0x2007c000                . = ALIGN ((. != 0x0)?0x4:0x1)
                [!provide]                PROVIDE (__end_bss_RAM2, .)

.bss            0x10000004       0x28
                0x10000004                _bss = .
 *(.bss*)
 .bss.flag      0x10000004        0x4 ./src/Estacionamiento.o
                0x10000004                flag
 .bss.pulse     0x10000008        0x4 ./src/Estacionamiento.o
                0x10000008                pulse
 .bss.puesto    0x1000000c       0x18 ./src/Estacionamiento.o
                0x1000000c                puesto
 .bss.tim       0x10000024        0x4 ./src/Estacionamiento.o
                0x10000024                tim
 *(COMMON)
 COMMON         0x10000028        0x4 C:\Users\Home\Documents\MCUXpressoIDE_10.0.0_344\workspace\libLCD\Debug\liblibLCD.a(lcd.o)
                0x10000028                usTicks
                0x1000002c                . = ALIGN (0x4)
                0x1000002c                _ebss = .
                [!provide]                PROVIDE (end, .)

.noinit_RAM2    0x2007c000        0x0
 *(.noinit.$RAM2*)
 *(.noinit.$RamAHB32*)
                0x2007c000                . = ALIGN (0x4)

.noinit         0x1000002c        0x0
                0x1000002c                _noinit = .
 *(.noinit*)
                0x1000002c                . = ALIGN (0x4)
                0x1000002c                _end_noinit = .
                [!provide]                PROVIDE (_pvHeapStart, DEFINED (__user_heap_base)?__user_heap_base:.)
                0x10008000                PROVIDE (_vStackTop, DEFINED (__user_stack_top)?__user_stack_top:(__top_RamLoc32 - 0x0))
                0xefff74b2                PROVIDE (__valid_user_code_checksum, (0x0 - ((((((_vStackTop + (ResetISR + 0x1)) + (NMI_Handler + 0x1)) + (HardFault_Handler + 0x1)) + (DEFINED (MemManage_Handler)?MemManage_Handler:0x0 + 0x1)) + (DEFINED (BusFault_Handler)?BusFault_Handler:0x0 + 0x1)) + (DEFINED (UsageFault_Handler)?UsageFault_Handler:0x0 + 0x1))))
OUTPUT(Estacionamiento.axf elf32-littlearm)

.debug_info     0x00000000     0x53fa
 .debug_info    0x00000000      0xcd1 ./src/Estacionamiento.o
 .debug_info    0x00000cd1      0x253 ./src/cr_startup_lpc175x_6x.o
 .debug_info    0x00000f24       0x3f ./src/crp.o
 .debug_info    0x00000f63      0x5cb ./inc/pwm.o
 .debug_info    0x0000152e      0x318 C:\Users\Home\Documents\MCUXpressoIDE_10.0.0_344\workspace\CMSIS_CORE_LPC17xx\Debug\libCMSIS_CORE_LPC17xx.a(system_LPC17xx.o)
 .debug_info    0x00001846      0x9ac C:\Users\Home\Documents\MCUXpressoIDE_10.0.0_344\workspace\libLCD\Debug\liblibLCD.a(lcd.o)
 .debug_info    0x000021f2     0x13d3 C:\Users\Home\Documents\MCUXpressoIDE_10.0.0_344\workspace\lpc_board_nxp_lpcxpresso_1769\Debug\liblpc_board_nxp_lpcxpresso_1769.a(board.o)
 .debug_info    0x000035c5      0xb62 C:\Users\Home\Documents\MCUXpressoIDE_10.0.0_344\workspace\lpc_chip_175x_6x\Debug\liblpc_chip_175x_6x.a(clock_17xx_40xx.o)
 .debug_info    0x00004127      0x3f9 C:\Users\Home\Documents\MCUXpressoIDE_10.0.0_344\workspace\lpc_chip_175x_6x\Debug\liblpc_chip_175x_6x.a(timer_17xx_40xx.o)
 .debug_info    0x00004520      0xeda C:\Users\Home\Documents\MCUXpressoIDE_10.0.0_344\workspace\lpc_chip_175x_6x\Debug\liblpc_chip_175x_6x.a(uart_17xx_40xx.o)

.debug_abbrev   0x00000000     0x132d
 .debug_abbrev  0x00000000      0x328 ./src/Estacionamiento.o
 .debug_abbrev  0x00000328       0xf5 ./src/cr_startup_lpc175x_6x.o
 .debug_abbrev  0x0000041d       0x36 ./src/crp.o
 .debug_abbrev  0x00000453      0x13c ./inc/pwm.o
 .debug_abbrev  0x0000058f       0xe6 C:\Users\Home\Documents\MCUXpressoIDE_10.0.0_344\workspace\CMSIS_CORE_LPC17xx\Debug\libCMSIS_CORE_LPC17xx.a(system_LPC17xx.o)
 .debug_abbrev  0x00000675      0x208 C:\Users\Home\Documents\MCUXpressoIDE_10.0.0_344\workspace\libLCD\Debug\liblibLCD.a(lcd.o)
 .debug_abbrev  0x0000087d      0x379 C:\Users\Home\Documents\MCUXpressoIDE_10.0.0_344\workspace\lpc_board_nxp_lpcxpresso_1769\Debug\liblpc_board_nxp_lpcxpresso_1769.a(board.o)
 .debug_abbrev  0x00000bf6      0x2ec C:\Users\Home\Documents\MCUXpressoIDE_10.0.0_344\workspace\lpc_chip_175x_6x\Debug\liblpc_chip_175x_6x.a(clock_17xx_40xx.o)
 .debug_abbrev  0x00000ee2      0x163 C:\Users\Home\Documents\MCUXpressoIDE_10.0.0_344\workspace\lpc_chip_175x_6x\Debug\liblpc_chip_175x_6x.a(timer_17xx_40xx.o)
 .debug_abbrev  0x00001045      0x2e8 C:\Users\Home\Documents\MCUXpressoIDE_10.0.0_344\workspace\lpc_chip_175x_6x\Debug\liblpc_chip_175x_6x.a(uart_17xx_40xx.o)

.debug_aranges  0x00000000      0x678
 .debug_aranges
                0x00000000       0xe0 ./src/Estacionamiento.o
 .debug_aranges
                0x000000e0       0x80 ./src/cr_startup_lpc175x_6x.o
 .debug_aranges
                0x00000160       0x18 ./src/crp.o
 .debug_aranges
                0x00000178       0x28 ./inc/pwm.o
 .debug_aranges
                0x000001a0       0x28 C:\Users\Home\Documents\MCUXpressoIDE_10.0.0_344\workspace\CMSIS_CORE_LPC17xx\Debug\libCMSIS_CORE_LPC17xx.a(system_LPC17xx.o)
 .debug_aranges
                0x000001c8       0xc8 C:\Users\Home\Documents\MCUXpressoIDE_10.0.0_344\workspace\libLCD\Debug\liblibLCD.a(lcd.o)
 .debug_aranges
                0x00000290      0x160 C:\Users\Home\Documents\MCUXpressoIDE_10.0.0_344\workspace\lpc_board_nxp_lpcxpresso_1769\Debug\liblpc_board_nxp_lpcxpresso_1769.a(board.o)
 .debug_aranges
                0x000003f0      0x120 C:\Users\Home\Documents\MCUXpressoIDE_10.0.0_344\workspace\lpc_chip_175x_6x\Debug\liblpc_chip_175x_6x.a(clock_17xx_40xx.o)
 .debug_aranges
                0x00000510       0x40 C:\Users\Home\Documents\MCUXpressoIDE_10.0.0_344\workspace\lpc_chip_175x_6x\Debug\liblpc_chip_175x_6x.a(timer_17xx_40xx.o)
 .debug_aranges
                0x00000550      0x128 C:\Users\Home\Documents\MCUXpressoIDE_10.0.0_344\workspace\lpc_chip_175x_6x\Debug\liblpc_chip_175x_6x.a(uart_17xx_40xx.o)

.debug_ranges   0x00000000      0x5d0
 .debug_ranges  0x00000000       0xd0 ./src/Estacionamiento.o
 .debug_ranges  0x000000d0       0x70 ./src/cr_startup_lpc175x_6x.o
 .debug_ranges  0x00000140       0x18 ./inc/pwm.o
 .debug_ranges  0x00000158       0x18 C:\Users\Home\Documents\MCUXpressoIDE_10.0.0_344\workspace\CMSIS_CORE_LPC17xx\Debug\libCMSIS_CORE_LPC17xx.a(system_LPC17xx.o)
 .debug_ranges  0x00000170       0xb8 C:\Users\Home\Documents\MCUXpressoIDE_10.0.0_344\workspace\libLCD\Debug\liblibLCD.a(lcd.o)
 .debug_ranges  0x00000228      0x150 C:\Users\Home\Documents\MCUXpressoIDE_10.0.0_344\workspace\lpc_board_nxp_lpcxpresso_1769\Debug\liblpc_board_nxp_lpcxpresso_1769.a(board.o)
 .debug_ranges  0x00000378      0x110 C:\Users\Home\Documents\MCUXpressoIDE_10.0.0_344\workspace\lpc_chip_175x_6x\Debug\liblpc_chip_175x_6x.a(clock_17xx_40xx.o)
 .debug_ranges  0x00000488       0x30 C:\Users\Home\Documents\MCUXpressoIDE_10.0.0_344\workspace\lpc_chip_175x_6x\Debug\liblpc_chip_175x_6x.a(timer_17xx_40xx.o)
 .debug_ranges  0x000004b8      0x118 C:\Users\Home\Documents\MCUXpressoIDE_10.0.0_344\workspace\lpc_chip_175x_6x\Debug\liblpc_chip_175x_6x.a(uart_17xx_40xx.o)

.debug_macro    0x00000000     0x6554
 .debug_macro   0x00000000      0x298 ./src/Estacionamiento.o
 .debug_macro   0x00000298      0x88c ./src/Estacionamiento.o
 .debug_macro   0x00000b24       0x10 ./src/Estacionamiento.o
 .debug_macro   0x00000b34      0x12d ./src/Estacionamiento.o
 .debug_macro   0x00000c61      0x5b2 ./src/Estacionamiento.o
 .debug_macro   0x00001213       0x22 ./src/Estacionamiento.o
 .debug_macro   0x00001235       0x7b ./src/Estacionamiento.o
 .debug_macro   0x000012b0       0x10 ./src/Estacionamiento.o
 .debug_macro   0x000012c0       0x2d ./src/Estacionamiento.o
 .debug_macro   0x000012ed       0x3a ./src/Estacionamiento.o
 .debug_macro   0x00001327       0x2d ./src/Estacionamiento.o
 .debug_macro   0x00001354      0xbb1 ./src/Estacionamiento.o
 .debug_macro   0x00001f05      0x22c ./src/Estacionamiento.o
 .debug_macro   0x00002131       0x42 ./src/Estacionamiento.o
 .debug_macro   0x00002173       0x52 ./src/Estacionamiento.o
 .debug_macro   0x000021c5       0x78 ./src/Estacionamiento.o
 .debug_macro   0x0000223d       0x82 ./src/Estacionamiento.o
 .debug_macro   0x000022bf      0x48c ./src/Estacionamiento.o
 .debug_macro   0x0000274b       0x34 ./src/Estacionamiento.o
 .debug_macro   0x0000277f      0x4c5 ./src/Estacionamiento.o
 .debug_macro   0x00002c44      0x1b7 ./src/Estacionamiento.o
 .debug_macro   0x00002dfb       0x10 ./src/Estacionamiento.o
 .debug_macro   0x00002e0b      0x21b ./src/Estacionamiento.o
 .debug_macro   0x00003026      0x1b9 ./src/Estacionamiento.o
 .debug_macro   0x000031df       0x40 ./src/Estacionamiento.o
 .debug_macro   0x0000321f       0x22 ./src/Estacionamiento.o
 .debug_macro   0x00003241      0x162 ./src/Estacionamiento.o
 .debug_macro   0x000033a3       0x94 ./src/Estacionamiento.o
 .debug_macro   0x00003437       0xb8 ./src/Estacionamiento.o
 .debug_macro   0x000034ef       0x4c ./src/Estacionamiento.o
 .debug_macro   0x0000353b       0x16 ./src/Estacionamiento.o
 .debug_macro   0x00003551      0x328 ./src/Estacionamiento.o
 .debug_macro   0x00003879       0x49 ./src/Estacionamiento.o
 .debug_macro   0x000038c2       0x16 ./src/Estacionamiento.o
 .debug_macro   0x000038d8       0xca ./src/Estacionamiento.o
 .debug_macro   0x000039a2       0x18 ./src/Estacionamiento.o
 .debug_macro   0x000039ba       0x76 ./src/Estacionamiento.o
 .debug_macro   0x00003a30       0x9a ./src/Estacionamiento.o
 .debug_macro   0x00003aca       0x20 ./src/Estacionamiento.o
 .debug_macro   0x00003aea       0x28 ./src/Estacionamiento.o
 .debug_macro   0x00003b12       0x1c ./src/Estacionamiento.o
 .debug_macro   0x00003b2e      0x2c7 ./src/Estacionamiento.o
 .debug_macro   0x00003df5       0x82 ./src/Estacionamiento.o
 .debug_macro   0x00003e77       0x70 ./src/Estacionamiento.o
 .debug_macro   0x00003ee7       0x94 ./src/Estacionamiento.o
 .debug_macro   0x00003f7b       0x1d ./src/cr_startup_lpc175x_6x.o
 .debug_macro   0x00003f98       0x1a ./src/crp.o
 .debug_macro   0x00003fb2       0x34 ./src/crp.o
 .debug_macro   0x00003fe6       0x81 ./inc/pwm.o
 .debug_macro   0x00004067      0x12d C:\Users\Home\Documents\MCUXpressoIDE_10.0.0_344\workspace\CMSIS_CORE_LPC17xx\Debug\libCMSIS_CORE_LPC17xx.a(system_LPC17xx.o)
 .debug_macro   0x00004194      0x88c C:\Users\Home\Documents\MCUXpressoIDE_10.0.0_344\workspace\CMSIS_CORE_LPC17xx\Debug\libCMSIS_CORE_LPC17xx.a(system_LPC17xx.o)
 .debug_macro   0x00004a20      0x220 C:\Users\Home\Documents\MCUXpressoIDE_10.0.0_344\workspace\libLCD\Debug\liblibLCD.a(lcd.o)
 .debug_macro   0x00004c40      0x88c C:\Users\Home\Documents\MCUXpressoIDE_10.0.0_344\workspace\libLCD\Debug\liblibLCD.a(lcd.o)
 .debug_macro   0x000054cc      0x289 C:\Users\Home\Documents\MCUXpressoIDE_10.0.0_344\workspace\lpc_board_nxp_lpcxpresso_1769\Debug\liblpc_board_nxp_lpcxpresso_1769.a(board.o)
 .debug_macro   0x00005755      0x886 C:\Users\Home\Documents\MCUXpressoIDE_10.0.0_344\workspace\lpc_board_nxp_lpcxpresso_1769\Debug\liblpc_board_nxp_lpcxpresso_1769.a(board.o)
 .debug_macro   0x00005fdb       0x12 C:\Users\Home\Documents\MCUXpressoIDE_10.0.0_344\workspace\lpc_board_nxp_lpcxpresso_1769\Debug\liblpc_board_nxp_lpcxpresso_1769.a(board.o)
 .debug_macro   0x00005fed      0x1cd C:\Users\Home\Documents\MCUXpressoIDE_10.0.0_344\workspace\lpc_chip_175x_6x\Debug\liblpc_chip_175x_6x.a(clock_17xx_40xx.o)
 .debug_macro   0x000061ba      0x1cd C:\Users\Home\Documents\MCUXpressoIDE_10.0.0_344\workspace\lpc_chip_175x_6x\Debug\liblpc_chip_175x_6x.a(timer_17xx_40xx.o)
 .debug_macro   0x00006387      0x1cd C:\Users\Home\Documents\MCUXpressoIDE_10.0.0_344\workspace\lpc_chip_175x_6x\Debug\liblpc_chip_175x_6x.a(uart_17xx_40xx.o)

.debug_line     0x00000000     0x2ff3
 .debug_line    0x00000000      0x8de ./src/Estacionamiento.o
 .debug_line    0x000008de       0xd5 ./src/cr_startup_lpc175x_6x.o
 .debug_line    0x000009b3       0x75 ./src/crp.o
 .debug_line    0x00000a28      0x1c0 ./inc/pwm.o
 .debug_line    0x00000be8      0x218 C:\Users\Home\Documents\MCUXpressoIDE_10.0.0_344\workspace\CMSIS_CORE_LPC17xx\Debug\libCMSIS_CORE_LPC17xx.a(system_LPC17xx.o)
 .debug_line    0x00000e00      0x6ec C:\Users\Home\Documents\MCUXpressoIDE_10.0.0_344\workspace\libLCD\Debug\liblibLCD.a(lcd.o)
 .debug_line    0x000014ec      0x850 C:\Users\Home\Documents\MCUXpressoIDE_10.0.0_344\workspace\lpc_board_nxp_lpcxpresso_1769\Debug\liblpc_board_nxp_lpcxpresso_1769.a(board.o)
 .debug_line    0x00001d3c      0x6d2 C:\Users\Home\Documents\MCUXpressoIDE_10.0.0_344\workspace\lpc_chip_175x_6x\Debug\liblpc_chip_175x_6x.a(clock_17xx_40xx.o)
 .debug_line    0x0000240e      0x467 C:\Users\Home\Documents\MCUXpressoIDE_10.0.0_344\workspace\lpc_chip_175x_6x\Debug\liblpc_chip_175x_6x.a(timer_17xx_40xx.o)
 .debug_line    0x00002875      0x77e C:\Users\Home\Documents\MCUXpressoIDE_10.0.0_344\workspace\lpc_chip_175x_6x\Debug\liblpc_chip_175x_6x.a(uart_17xx_40xx.o)

.debug_str      0x00000000    0x150a9
 .debug_str     0x00000000    0x129d4 ./src/Estacionamiento.o
                              0x12af8 (size before relaxing)
 .debug_str     0x000129d4      0x1b2 ./src/cr_startup_lpc175x_6x.o
                               0x26b7 (size before relaxing)
 .debug_str     0x00012b86       0xe9 ./src/crp.o
                               0x25cf (size before relaxing)
 .debug_str     0x00012c6f      0x252 ./inc/pwm.o
                               0x9948 (size before relaxing)
 .debug_str     0x00012ec1      0x423 C:\Users\Home\Documents\MCUXpressoIDE_10.0.0_344\workspace\CMSIS_CORE_LPC17xx\Debug\libCMSIS_CORE_LPC17xx.a(system_LPC17xx.o)
                               0x9922 (size before relaxing)
 .debug_str     0x000132e4      0x531 C:\Users\Home\Documents\MCUXpressoIDE_10.0.0_344\workspace\libLCD\Debug\liblibLCD.a(lcd.o)
                              0x1137f (size before relaxing)
 .debug_str     0x00013815      0xc9e C:\Users\Home\Documents\MCUXpressoIDE_10.0.0_344\workspace\lpc_board_nxp_lpcxpresso_1769\Debug\liblpc_board_nxp_lpcxpresso_1769.a(board.o)
                              0x11891 (size before relaxing)
 .debug_str     0x000144b3      0x700 C:\Users\Home\Documents\MCUXpressoIDE_10.0.0_344\workspace\lpc_chip_175x_6x\Debug\liblpc_chip_175x_6x.a(clock_17xx_40xx.o)
                              0x11131 (size before relaxing)
 .debug_str     0x00014bb3      0x131 C:\Users\Home\Documents\MCUXpressoIDE_10.0.0_344\workspace\lpc_chip_175x_6x\Debug\liblpc_chip_175x_6x.a(timer_17xx_40xx.o)
                              0x108df (size before relaxing)
 .debug_str     0x00014ce4      0x3c5 C:\Users\Home\Documents\MCUXpressoIDE_10.0.0_344\workspace\lpc_chip_175x_6x\Debug\liblpc_chip_175x_6x.a(uart_17xx_40xx.o)
                              0x11006 (size before relaxing)

.comment        0x00000000       0x6e
 .comment       0x00000000       0x6e ./src/Estacionamiento.o
                                 0x6f (size before relaxing)
 .comment       0x0000006e       0x6f ./src/cr_startup_lpc175x_6x.o
 .comment       0x0000006e       0x6f ./src/crp.o
 .comment       0x0000006e       0x6f ./inc/pwm.o
 .comment       0x0000006e       0x6f C:\Users\Home\Documents\MCUXpressoIDE_10.0.0_344\workspace\CMSIS_CORE_LPC17xx\Debug\libCMSIS_CORE_LPC17xx.a(system_LPC17xx.o)
 .comment       0x0000006e       0x6f C:\Users\Home\Documents\MCUXpressoIDE_10.0.0_344\workspace\libLCD\Debug\liblibLCD.a(lcd.o)
 .comment       0x0000006e       0x6f C:\Users\Home\Documents\MCUXpressoIDE_10.0.0_344\workspace\lpc_board_nxp_lpcxpresso_1769\Debug\liblpc_board_nxp_lpcxpresso_1769.a(board.o)
 .comment       0x0000006e       0x6f C:\Users\Home\Documents\MCUXpressoIDE_10.0.0_344\workspace\lpc_chip_175x_6x\Debug\liblpc_chip_175x_6x.a(clock_17xx_40xx.o)
 .comment       0x0000006e       0x6f C:\Users\Home\Documents\MCUXpressoIDE_10.0.0_344\workspace\lpc_chip_175x_6x\Debug\liblpc_chip_175x_6x.a(timer_17xx_40xx.o)
 .comment       0x0000006e       0x6f C:\Users\Home\Documents\MCUXpressoIDE_10.0.0_344\workspace\lpc_chip_175x_6x\Debug\liblpc_chip_175x_6x.a(uart_17xx_40xx.o)
 .comment       0x0000006e       0x6f c:/nxp/mcuxpressoide_10.0.0_344/ide/tools/bin/../lib/gcc/arm-none-eabi/5.4.1/../../../../arm-none-eabi/lib/armv7-m\libcr_c.a(__weak__main.o)
 .comment       0x0000006e       0x6f c:/nxp/mcuxpressoide_10.0.0_344/ide/tools/bin/../lib/gcc/arm-none-eabi/5.4.1/../../../../arm-none-eabi/lib/armv7-m\libcr_c.a(strcmp.o)

.ARM.attributes
                0x00000000       0x31
 .ARM.attributes
                0x00000000       0x33 ./src/Estacionamiento.o
 .ARM.attributes
                0x00000033       0x33 ./src/cr_startup_lpc175x_6x.o
 .ARM.attributes
                0x00000066       0x33 ./src/crp.o
 .ARM.attributes
                0x00000099       0x33 ./inc/pwm.o
 .ARM.attributes
                0x000000cc       0x33 C:\Users\Home\Documents\MCUXpressoIDE_10.0.0_344\workspace\CMSIS_CORE_LPC17xx\Debug\libCMSIS_CORE_LPC17xx.a(system_LPC17xx.o)
 .ARM.attributes
                0x000000ff       0x33 C:\Users\Home\Documents\MCUXpressoIDE_10.0.0_344\workspace\libLCD\Debug\liblibLCD.a(lcd.o)
 .ARM.attributes
                0x00000132       0x33 C:\Users\Home\Documents\MCUXpressoIDE_10.0.0_344\workspace\lpc_board_nxp_lpcxpresso_1769\Debug\liblpc_board_nxp_lpcxpresso_1769.a(board.o)
 .ARM.attributes
                0x00000165       0x33 C:\Users\Home\Documents\MCUXpressoIDE_10.0.0_344\workspace\lpc_chip_175x_6x\Debug\liblpc_chip_175x_6x.a(clock_17xx_40xx.o)
 .ARM.attributes
                0x00000198       0x33 C:\Users\Home\Documents\MCUXpressoIDE_10.0.0_344\workspace\lpc_chip_175x_6x\Debug\liblpc_chip_175x_6x.a(timer_17xx_40xx.o)
 .ARM.attributes
                0x000001cb       0x33 C:\Users\Home\Documents\MCUXpressoIDE_10.0.0_344\workspace\lpc_chip_175x_6x\Debug\liblpc_chip_175x_6x.a(uart_17xx_40xx.o)
 .ARM.attributes
                0x000001fe       0x33 c:/nxp/mcuxpressoide_10.0.0_344/ide/tools/bin/../lib/gcc/arm-none-eabi/5.4.1/../../../../arm-none-eabi/lib/armv7-m\libcr_c.a(__weak__main.o)
 .ARM.attributes
                0x00000231       0x33 c:/nxp/mcuxpressoide_10.0.0_344/ide/tools/bin/../lib/gcc/arm-none-eabi/5.4.1/../../../../arm-none-eabi/lib/armv7-m\libcr_c.a(strcmp.o)
 .ARM.attributes
                0x00000264       0x21 c:/nxp/mcuxpressoide_10.0.0_344/ide/tools/bin/../lib/gcc/arm-none-eabi/5.4.1/armv7-m\libcr_eabihelpers.a(division_64.o)
 .ARM.attributes
                0x00000285       0x21 c:/nxp/mcuxpressoide_10.0.0_344/ide/tools/bin/../lib/gcc/arm-none-eabi/5.4.1/armv7-m\libcr_eabihelpers.a(division_idiv0.o)

.debug_frame    0x00000000     0x1940
 .debug_frame   0x00000000      0x3a0 ./src/Estacionamiento.o
 .debug_frame   0x000003a0      0x170 ./src/cr_startup_lpc175x_6x.o
 .debug_frame   0x00000510       0x54 ./inc/pwm.o
 .debug_frame   0x00000564       0x3c C:\Users\Home\Documents\MCUXpressoIDE_10.0.0_344\workspace\CMSIS_CORE_LPC17xx\Debug\libCMSIS_CORE_LPC17xx.a(system_LPC17xx.o)
 .debug_frame   0x000005a0      0x334 C:\Users\Home\Documents\MCUXpressoIDE_10.0.0_344\workspace\libLCD\Debug\liblibLCD.a(lcd.o)
 .debug_frame   0x000008d4      0x5d4 C:\Users\Home\Documents\MCUXpressoIDE_10.0.0_344\workspace\lpc_board_nxp_lpcxpresso_1769\Debug\liblpc_board_nxp_lpcxpresso_1769.a(board.o)
 .debug_frame   0x00000ea8      0x490 C:\Users\Home\Documents\MCUXpressoIDE_10.0.0_344\workspace\lpc_chip_175x_6x\Debug\liblpc_chip_175x_6x.a(clock_17xx_40xx.o)
 .debug_frame   0x00001338       0xd0 C:\Users\Home\Documents\MCUXpressoIDE_10.0.0_344\workspace\lpc_chip_175x_6x\Debug\liblpc_chip_175x_6x.a(timer_17xx_40xx.o)
 .debug_frame   0x00001408      0x538 C:\Users\Home\Documents\MCUXpressoIDE_10.0.0_344\workspace\lpc_chip_175x_6x\Debug\liblpc_chip_175x_6x.a(uart_17xx_40xx.o)
