Archive member included to satisfy reference by file (symbol)

C:\Users\INTI\Documents\MCUXpressoIDE_10.0.0_344\workspace\libLCD\Debug\liblibLCD.a(lcd.o)
                              ./src/Estacionamiento.o (LCD_Init)
C:\Users\INTI\Documents\MCUXpressoIDE_10.0.0_344\workspace\CMSIS_CORE_LPC17xx\Debug\libCMSIS_CORE_LPC17xx.a(system_LPC17xx.o)
                              ./src/Estacionamiento.o (SystemCoreClockUpdate)
C:\Users\INTI\Documents\MCUXpressoIDE_10.0.0_344\workspace\lpc_board_nxp_lpcxpresso_1769\Debug\liblpc_board_nxp_lpcxpresso_1769.a(board.o)
                              ./src/Estacionamiento.o (Board_Init)
C:\Users\INTI\Documents\MCUXpressoIDE_10.0.0_344\workspace\lpc_chip_175x_6x\Debug\liblpc_chip_175x_6x.a(clock_17xx_40xx.o)
                              C:\Users\INTI\Documents\MCUXpressoIDE_10.0.0_344\workspace\lpc_board_nxp_lpcxpresso_1769\Debug\liblpc_board_nxp_lpcxpresso_1769.a(board.o) (Chip_Clock_EnablePeriphClock)
C:\Users\INTI\Documents\MCUXpressoIDE_10.0.0_344\workspace\lpc_chip_175x_6x\Debug\liblpc_chip_175x_6x.a(i2s_17xx_40xx.o)
                              C:\Users\INTI\Documents\MCUXpressoIDE_10.0.0_344\workspace\lpc_board_nxp_lpcxpresso_1769\Debug\liblpc_board_nxp_lpcxpresso_1769.a(board.o) (Chip_I2S_Init)
C:\Users\INTI\Documents\MCUXpressoIDE_10.0.0_344\workspace\lpc_chip_175x_6x\Debug\liblpc_chip_175x_6x.a(iocon_17xx_40xx.o)
                              C:\Users\INTI\Documents\MCUXpressoIDE_10.0.0_344\workspace\lpc_board_nxp_lpcxpresso_1769\Debug\liblpc_board_nxp_lpcxpresso_1769.a(board.o) (Chip_IOCON_PinMux)
C:\Users\INTI\Documents\MCUXpressoIDE_10.0.0_344\workspace\lpc_chip_175x_6x\Debug\liblpc_chip_175x_6x.a(timer_17xx_40xx.o)
                              C:\Users\INTI\Documents\MCUXpressoIDE_10.0.0_344\workspace\libLCD\Debug\liblibLCD.a(lcd.o) (Chip_TIMER_Init)
C:\Users\INTI\Documents\MCUXpressoIDE_10.0.0_344\workspace\lpc_chip_175x_6x\Debug\liblpc_chip_175x_6x.a(uart_17xx_40xx.o)
                              C:\Users\INTI\Documents\MCUXpressoIDE_10.0.0_344\workspace\lpc_board_nxp_lpcxpresso_1769\Debug\liblpc_board_nxp_lpcxpresso_1769.a(board.o) (Chip_UART_Init)
C:\Users\INTI\Documents\MCUXpressoIDE_10.0.0_344\workspace\lpc_chip_175x_6x\Debug\liblpc_chip_175x_6x.a(ring_buffer.o)
                              C:\Users\INTI\Documents\MCUXpressoIDE_10.0.0_344\workspace\lpc_chip_175x_6x\Debug\liblpc_chip_175x_6x.a(uart_17xx_40xx.o) (RingBuffer_Insert)
c:/nxp/mcuxpressoide_10.0.0_344/ide/tools/bin/../lib/gcc/arm-none-eabi/5.4.1/../../../../arm-none-eabi/lib/armv7-m\libcr_c.a(memcpy.o)
                              C:\Users\INTI\Documents\MCUXpressoIDE_10.0.0_344\workspace\lpc_board_nxp_lpcxpresso_1769\Debug\liblpc_board_nxp_lpcxpresso_1769.a(board.o) (memcpy)
c:/nxp/mcuxpressoide_10.0.0_344/ide/tools/bin/../lib/gcc/arm-none-eabi/5.4.1/../../../../arm-none-eabi/lib/armv7-m\libcr_c.a(__weak__main.o)
                              ./src/cr_startup_lpc175x_6x.o (__main)
c:/nxp/mcuxpressoide_10.0.0_344/ide/tools/bin/../lib/gcc/arm-none-eabi/5.4.1/armv7-m\libcr_eabihelpers.a(division_64.o)
                              C:\Users\INTI\Documents\MCUXpressoIDE_10.0.0_344\workspace\CMSIS_CORE_LPC17xx\Debug\libCMSIS_CORE_LPC17xx.a(system_LPC17xx.o) (__aeabi_uldivmod)
c:/nxp/mcuxpressoide_10.0.0_344/ide/tools/bin/../lib/gcc/arm-none-eabi/5.4.1/armv7-m\libcr_eabihelpers.a(division_idiv0.o)
                              c:/nxp/mcuxpressoide_10.0.0_344/ide/tools/bin/../lib/gcc/arm-none-eabi/5.4.1/armv7-m\libcr_eabihelpers.a(division_64.o) (__aeabi_idiv0)
c:/nxp/mcuxpressoide_10.0.0_344/ide/tools/bin/../lib/gcc/arm-none-eabi/5.4.1/armv7-m\libcr_eabihelpers.a(memcpy.o)
                              c:/nxp/mcuxpressoide_10.0.0_344/ide/tools/bin/../lib/gcc/arm-none-eabi/5.4.1/../../../../arm-none-eabi/lib/armv7-m\libcr_c.a(memcpy.o) (__aeabi_memcpy)

Allocating common symbols
Common symbol       size              file

usTicks             0x4               C:\Users\INTI\Documents\MCUXpressoIDE_10.0.0_344\workspace\libLCD\Debug\liblibLCD.a(lcd.o)

Discarded input sections

 .group         0x00000000        0x8 ./src/Estacionamiento.o
 .group         0x00000000        0x8 ./src/Estacionamiento.o
 .group         0x00000000        0x8 ./src/Estacionamiento.o
 .group         0x00000000        0x8 ./src/Estacionamiento.o
 .group         0x00000000        0x8 ./src/Estacionamiento.o
 .group         0x00000000        0x8 ./src/Estacionamiento.o
 .group         0x00000000        0x8 ./src/Estacionamiento.o
 .group         0x00000000        0x8 ./src/Estacionamiento.o
 .group         0x00000000        0x8 ./src/Estacionamiento.o
 .group         0x00000000        0x8 ./src/Estacionamiento.o
 .group         0x00000000        0x8 ./src/Estacionamiento.o
 .group         0x00000000        0x8 ./src/Estacionamiento.o
 .group         0x00000000        0x8 ./src/Estacionamiento.o
 .group         0x00000000        0x8 ./src/Estacionamiento.o
[...]
Memory Configuration

Name             Origin             Length             Attributes
MFlash512        0x00000000         0x00080000         xr
RamLoc32         0x10000000         0x00008000         xrw
RamAHB32         0x2007c000         0x00008000         xrw
*default*        0x00000000         0xffffffff

Linker script and memory map

LOAD ./src/Estacionamiento.o
LOAD ./src/cr_startup_lpc175x_6x.o
LOAD ./src/crp.o
LOAD ./src/sysinit.o
LOAD C:\Users\INTI\Documents\MCUXpressoIDE_10.0.0_344\workspace\libLCD\Debug\liblibLCD.a
LOAD C:\Users\INTI\Documents\MCUXpressoIDE_10.0.0_344\workspace\CMSIS_CORE_LPC17xx\Debug\libCMSIS_CORE_LPC17xx.a
LOAD C:\Users\INTI\Documents\MCUXpressoIDE_10.0.0_344\workspace\lpc_board_nxp_lpcxpresso_1769\Debug\liblpc_board_nxp_lpcxpresso_1769.a
LOAD C:\Users\INTI\Documents\MCUXpressoIDE_10.0.0_344\workspace\lpc_chip_175x_6x\Debug\liblpc_chip_175x_6x.a
START GROUP
LOAD c:/nxp/mcuxpressoide_10.0.0_344/ide/tools/bin/../lib/gcc/arm-none-eabi/5.4.1/../../../../arm-none-eabi/lib/armv7-m\libcr_c.a
LOAD c:/nxp/mcuxpressoide_10.0.0_344/ide/tools/bin/../lib/gcc/arm-none-eabi/5.4.1/armv7-m\libcr_eabihelpers.a
END GROUP
                0x00000000                __base_MFlash512 = 0x0
                0x00000000                __base_Flash = 0x0
                0x00080000                __top_MFlash512 = 0x80000
                0x00080000                __top_Flash = 0x80000
                0x10000000                __base_RamLoc32 = 0x10000000
                0x10000000                __base_RAM = 0x10000000
                0x10008000                __top_RamLoc32 = 0x10008000
                0x10008000                __top_RAM = 0x10008000
                0x2007c000                __base_RamAHB32 = 0x2007c000
                0x2007c000                __base_RAM2 = 0x2007c000
                0x20084000                __top_RamAHB32 = 0x20084000
                0x20084000                __top_RAM2 = 0x20084000

.text           0x00000000     0x1414
 FILL mask 0xff
                0x00000000                __vectors_start__ = ABSOLUTE (.)
 *(.isr_vector)
 .isr_vector    0x00000000       0xcc ./src/cr_startup_lpc175x_6x.o
                0x00000000                g_pfnVectors
                0x000000cc                . = ALIGN (0x4)
                0x000000cc                __section_table_start = .
                0x000000cc                __data_section_table = .
                0x000000cc        0x4 LONG 0x1414 LOADADDR (.data)
                0x000000d0        0x4 LONG 0x10000000 ADDR (.data)
                0x000000d4        0x4 LONG 0x4 SIZEOF (.data)
                0x000000d8        0x4 LONG 0x1414 LOADADDR (.data_RAM2)
                0x000000dc        0x4 LONG 0x2007c000 ADDR (.data_RAM2)
                0x000000e0        0x4 LONG 0x0 SIZEOF (.data_RAM2)
                0x000000e4                __data_section_table_end = .
                0x000000e4                __bss_section_table = .
                0x000000e4        0x4 LONG 0x10000004 ADDR (.bss)
                0x000000e8        0x4 LONG 0xc SIZEOF (.bss)
                0x000000ec        0x4 LONG 0x2007c000 ADDR (.bss_RAM2)
                0x000000f0        0x4 LONG 0x0 SIZEOF (.bss_RAM2)
                0x000000f4                __bss_section_table_end = .
                0x000000f4                __section_table_end = .
 *(.after_vectors*)
 .after_vectors
                0x000000f4      0x144 ./src/cr_startup_lpc175x_6x.o
                0x000000f4                data_init
                0x00000138                bss_init
                0x00000170                ResetISR
                0x000001e8                NMI_Handler
                0x000001f0                HardFault_Handler
                0x000001f8                MemManage_Handler
                0x00000200                BusFault_Handler
                0x00000208                UsageFault_Handler
                0x00000210                SVC_Handler
                0x00000218                DebugMon_Handler
                0x00000220                PendSV_Handler
                0x00000228                SysTick_Handler
                0x00000230                UART1_IRQHandler
                0x00000230                CANActivity_IRQHandler
                0x00000230                TIMER3_IRQHandler
                0x00000230                UART0_IRQHandler
                0x00000230                EINT2_IRQHandler
                0x00000230                USBActivity_IRQHandler
                0x00000230                IntDefaultHandler
                0x00000230                PLL0_IRQHandler
                0x00000230                CAN_IRQHandler
                0x00000230                I2C1_IRQHandler
                0x00000230                SSP0_IRQHandler
                0x00000230                I2S_IRQHandler
                0x00000230                I2C2_IRQHandler
                0x00000230                RTC_IRQHandler
                0x00000230                TIMER0_IRQHandler
                0x00000230                SPI_IRQHandler
                0x00000230                RIT_IRQHandler
                0x00000230                EINT1_IRQHandler
                0x00000230                UART2_IRQHandler
                0x00000230                ADC_IRQHandler
                0x00000230                SSP1_IRQHandler
                0x00000230                USB_IRQHandler
                0x00000230                BOD_IRQHandler
                0x00000230                I2C0_IRQHandler
                0x00000230                WDT_IRQHandler
                0x00000230                PWM1_IRQHandler
                0x00000230                QEI_IRQHandler
                0x00000230                EINT0_IRQHandler
                0x00000230                ETH_IRQHandler
                0x00000230                PLL1_IRQHandler
                0x00000230                DMA_IRQHandler
                0x00000230                TIMER2_IRQHandler
                0x00000230                UART3_IRQHandler
                0x00000230                MCPWM_IRQHandler
                0x000002fc                . = 0x2fc
 *fill*         0x00000238       0xc4 ff
                0x000002fc                PROVIDE (__CRP_WORD_START__, .)
 *(.crp)
 .crp           0x000002fc        0x4 ./src/crp.o
                0x000002fc                CRP_WORD
                0x00000300                PROVIDE (__CRP_WORD_END__, .)
                0x00000001                ASSERT (! ((__CRP_WORD_START__ == __CRP_WORD_END__)), Linker CRP Enabled, but no CRP_WORD provided within application)
 *(.text*)
 .text.NVIC_EnableIRQ
                0x00000300       0x30 ./src/Estacionamiento.o
 .text.NVIC_ClearPendingIRQ
                0x00000330       0x34 ./src/Estacionamiento.o
 .text.NVIC_SetPriority
                0x00000364       0x54 ./src/Estacionamiento.o
 .text.SysTick_Config
                0x000003b8       0x44 ./src/Estacionamiento.o
 .text.Chip_GPIO_SetPinDIRInput
                0x000003fc       0x3c ./src/Estacionamiento.o
 .text.Chip_GPIOINT_SetIntFalling
                0x00000438       0x2c ./src/Estacionamiento.o
 .text.Chip_GPIOINT_GetStatusFalling
                0x00000464       0x28 ./src/Estacionamiento.o
 .text.Chip_GPIOINT_ClearIntStatus
                0x0000048c       0x2c ./src/Estacionamiento.o
 .text.main     0x000004b8       0x68 ./src/Estacionamiento.o
                0x000004b8                main
 .text.EINT3_IRQHandler
                0x00000520       0x40 ./src/Estacionamiento.o
                0x00000520                EINT3_IRQHandler
 .text.NVIC_EnableIRQ
                0x00000560       0x30 C:\Users\INTI\Documents\MCUXpressoIDE_10.0.0_344\workspace\libLCD\Debug\liblibLCD.a(lcd.o)
 .text.NVIC_DisableIRQ
                0x00000590       0x34 C:\Users\INTI\Documents\MCUXpressoIDE_10.0.0_344\workspace\libLCD\Debug\liblibLCD.a(lcd.o)
 .text.Chip_TIMER_MatchPending
                0x000005c4       0x34 C:\Users\INTI\Documents\MCUXpressoIDE_10.0.0_344\workspace\libLCD\Debug\liblibLCD.a(lcd.o)
 .text.Chip_TIMER_ClearMatch
                0x000005f8       0x28 C:\Users\INTI\Documents\MCUXpressoIDE_10.0.0_344\workspace\libLCD\Debug\liblibLCD.a(lcd.o)
 .text.Chip_TIMER_Enable
                0x00000620       0x20 C:\Users\INTI\Documents\MCUXpressoIDE_10.0.0_344\workspace\libLCD\Debug\liblibLCD.a(lcd.o)
 .text.Chip_TIMER_Disable
                0x00000640       0x20 C:\Users\INTI\Documents\MCUXpressoIDE_10.0.0_344\workspace\libLCD\Debug\liblibLCD.a(lcd.o)
 .text.Chip_TIMER_PrescaleSet
                0x00000660       0x1c C:\Users\INTI\Documents\MCUXpressoIDE_10.0.0_344\workspace\libLCD\Debug\liblibLCD.a(lcd.o)
 .text.Chip_TIMER_SetMatch
                0x0000067c       0x28 C:\Users\INTI\Documents\MCUXpressoIDE_10.0.0_344\workspace\libLCD\Debug\liblibLCD.a(lcd.o)
 .text.Chip_TIMER_MatchEnableInt
                0x000006a4       0x34 C:\Users\INTI\Documents\MCUXpressoIDE_10.0.0_344\workspace\libLCD\Debug\liblibLCD.a(lcd.o)
 .text.Chip_TIMER_ResetOnMatchEnable
                0x000006d8       0x34 C:\Users\INTI\Documents\MCUXpressoIDE_10.0.0_344\workspace\libLCD\Debug\liblibLCD.a(lcd.o)
 .text.Chip_TIMER_StopOnMatchDisable
                0x0000070c       0x38 C:\Users\INTI\Documents\MCUXpressoIDE_10.0.0_344\workspace\libLCD\Debug\liblibLCD.a(lcd.o)
 .text.LCD_Init
                0x00000744       0x80 C:\Users\INTI\Documents\MCUXpressoIDE_10.0.0_344\workspace\libLCD\Debug\liblibLCD.a(lcd.o)
                0x00000744                LCD_Init
 .text.LCD_SendNibble
                0x000007c4       0x94 C:\Users\INTI\Documents\MCUXpressoIDE_10.0.0_344\workspace\libLCD\Debug\liblibLCD.a(lcd.o)
                0x000007c4                LCD_SendNibble
 .text.LCD_SendInstruction
                0x00000858       0x3c C:\Users\INTI\Documents\MCUXpressoIDE_10.0.0_344\workspace\libLCD\Debug\liblibLCD.a(lcd.o)
                0x00000858                LCD_SendInstruction
 .text.LCD_SendByte
                0x00000894       0x28 C:\Users\INTI\Documents\MCUXpressoIDE_10.0.0_344\workspace\libLCD\Debug\liblibLCD.a(lcd.o)
                0x00000894                LCD_SendByte
 .text.LCD_usDelay
                0x000008bc       0x48 C:\Users\INTI\Documents\MCUXpressoIDE_10.0.0_344\workspace\libLCD\Debug\liblibLCD.a(lcd.o)
                0x000008bc                LCD_usDelay
 .text.LCD_Tim1Init
                0x00000904       0x5c C:\Users\INTI\Documents\MCUXpressoIDE_10.0.0_344\workspace\libLCD\Debug\liblibLCD.a(lcd.o)
                0x00000904                LCD_Tim1Init
 .text.LCD_Tim1DeInit
                0x00000960       0x18 C:\Users\INTI\Documents\MCUXpressoIDE_10.0.0_344\workspace\libLCD\Debug\liblibLCD.a(lcd.o)
                0x00000960                LCD_Tim1DeInit
 .text.TIMER1_IRQHandler
                0x00000978       0x30 C:\Users\INTI\Documents\MCUXpressoIDE_10.0.0_344\workspace\libLCD\Debug\liblibLCD.a(lcd.o)
                0x00000978                TIMER1_IRQHandler
 .text.SystemCoreClockUpdate
                0x000009a8       0xb4 C:\Users\INTI\Documents\MCUXpressoIDE_10.0.0_344\workspace\CMSIS_CORE_LPC17xx\Debug\libCMSIS_CORE_LPC17xx.a(system_LPC17xx.o)
                0x000009a8                SystemCoreClockUpdate
 .text.SystemInit
                0x00000a5c       0xe4 C:\Users\INTI\Documents\MCUXpressoIDE_10.0.0_344\workspace\CMSIS_CORE_LPC17xx\Debug\libCMSIS_CORE_LPC17xx.a(system_LPC17xx.o)
                0x00000a5c                SystemInit
 .text.Chip_IOCON_Init
                0x00000b40       0x18 C:\Users\INTI\Documents\MCUXpressoIDE_10.0.0_344\workspace\lpc_board_nxp_lpcxpresso_1769\Debug\liblpc_board_nxp_lpcxpresso_1769.a(board.o)
 .text.Chip_GPIO_Init
                0x00000b58       0x18 C:\Users\INTI\Documents\MCUXpressoIDE_10.0.0_344\workspace\lpc_board_nxp_lpcxpresso_1769\Debug\liblpc_board_nxp_lpcxpresso_1769.a(board.o)
 .text.Chip_GPIO_SetPinDIROutput
                0x00000b70       0x38 C:\Users\INTI\Documents\MCUXpressoIDE_10.0.0_344\workspace\lpc_board_nxp_lpcxpresso_1769\Debug\liblpc_board_nxp_lpcxpresso_1769.a(board.o)
 .text.Chip_GPIO_SetPinDIRInput
                0x00000ba8       0x3c C:\Users\INTI\Documents\MCUXpressoIDE_10.0.0_344\workspace\lpc_board_nxp_lpcxpresso_1769\Debug\liblpc_board_nxp_lpcxpresso_1769.a(board.o)
 .text.Chip_GPIO_SetPinDIR
                0x00000be4       0x44 C:\Users\INTI\Documents\MCUXpressoIDE_10.0.0_344\workspace\lpc_board_nxp_lpcxpresso_1769\Debug\liblpc_board_nxp_lpcxpresso_1769.a(board.o)
 .text.Chip_GPIO_WriteDirBit
                0x00000c28       0x30 C:\Users\INTI\Documents\MCUXpressoIDE_10.0.0_344\workspace\lpc_board_nxp_lpcxpresso_1769\Debug\liblpc_board_nxp_lpcxpresso_1769.a(board.o)
 .text.Chip_UART_ConfigData
                0x00000c58       0x1c C:\Users\INTI\Documents\MCUXpressoIDE_10.0.0_344\workspace\lpc_board_nxp_lpcxpresso_1769\Debug\liblpc_board_nxp_lpcxpresso_1769.a(board.o)
 .text.Board_LED_Init
                0x00000c74       0x18 C:\Users\INTI\Documents\MCUXpressoIDE_10.0.0_344\workspace\lpc_board_nxp_lpcxpresso_1769\Debug\liblpc_board_nxp_lpcxpresso_1769.a(board.o)
 .text.Board_UART_Init
                0x00000c8c       0x14 C:\Users\INTI\Documents\MCUXpressoIDE_10.0.0_344\workspace\lpc_board_nxp_lpcxpresso_1769\Debug\liblpc_board_nxp_lpcxpresso_1769.a(board.o)
                0x00000c8c                Board_UART_Init
 .text.Board_Debug_Init
                0x00000ca0       0x30 C:\Users\INTI\Documents\MCUXpressoIDE_10.0.0_344\workspace\lpc_board_nxp_lpcxpresso_1769\Debug\liblpc_board_nxp_lpcxpresso_1769.a(board.o)
                0x00000ca0                Board_Debug_Init
 .text.Board_Init
                0x00000cd0       0x24 C:\Users\INTI\Documents\MCUXpressoIDE_10.0.0_344\workspace\lpc_board_nxp_lpcxpresso_1769\Debug\liblpc_board_nxp_lpcxpresso_1769.a(board.o)
                0x00000cd0                Board_Init
 .text.Chip_Clock_IsMainPLLEnabled
                0x00000cf4       0x24 C:\Users\INTI\Documents\MCUXpressoIDE_10.0.0_344\workspace\lpc_chip_175x_6x\Debug\liblpc_chip_175x_6x.a(clock_17xx_40xx.o)
 .text.Chip_Clock_IsMainPLLConnected
                0x00000d18       0x24 C:\Users\INTI\Documents\MCUXpressoIDE_10.0.0_344\workspace\lpc_chip_175x_6x\Debug\liblpc_chip_175x_6x.a(clock_17xx_40xx.o)
 .text.Chip_Clock_GetMainPLLSource
                0x00000d3c       0x20 C:\Users\INTI\Documents\MCUXpressoIDE_10.0.0_344\workspace\lpc_chip_175x_6x\Debug\liblpc_chip_175x_6x.a(clock_17xx_40xx.o)
 .text.Chip_Clock_GetMainOscRate
                0x00000d5c       0x14 C:\Users\INTI\Documents\MCUXpressoIDE_10.0.0_344\workspace\lpc_chip_175x_6x\Debug\liblpc_chip_175x_6x.a(clock_17xx_40xx.o)
 .text.Chip_Clock_GetIntOscRate
                0x00000d70       0x14 C:\Users\INTI\Documents\MCUXpressoIDE_10.0.0_344\workspace\lpc_chip_175x_6x\Debug\liblpc_chip_175x_6x.a(clock_17xx_40xx.o)
 .text.Chip_Clock_GetRTCOscRate
                0x00000d84       0x14 C:\Users\INTI\Documents\MCUXpressoIDE_10.0.0_344\workspace\lpc_chip_175x_6x\Debug\liblpc_chip_175x_6x.a(clock_17xx_40xx.o)
 .text.Chip_Clock_GetMainPLLInClockRate
                0x00000d98       0x10 C:\Users\INTI\Documents\MCUXpressoIDE_10.0.0_344\workspace\lpc_chip_175x_6x\Debug\liblpc_chip_175x_6x.a(clock_17xx_40xx.o)
 .text.Chip_Clock_EnablePeriphClock
                0x00000da8       0x34 C:\Users\INTI\Documents\MCUXpressoIDE_10.0.0_344\workspace\lpc_chip_175x_6x\Debug\liblpc_chip_175x_6x.a(clock_17xx_40xx.o)
                0x00000da8                Chip_Clock_EnablePeriphClock
 .text.Chip_Clock_GetCPUClockSource
                0x00000ddc       0x24 C:\Users\INTI\Documents\MCUXpressoIDE_10.0.0_344\workspace\lpc_chip_175x_6x\Debug\liblpc_chip_175x_6x.a(clock_17xx_40xx.o)
                0x00000ddc                Chip_Clock_GetCPUClockSource
 .text.Chip_Clock_GetCPUClockDiv
                0x00000e00       0x1c C:\Users\INTI\Documents\MCUXpressoIDE_10.0.0_344\workspace\lpc_chip_175x_6x\Debug\liblpc_chip_175x_6x.a(clock_17xx_40xx.o)
                0x00000e00                Chip_Clock_GetCPUClockDiv
 .text.Chip_Clock_GetPCLKDiv
                0x00000e1c       0x8c C:\Users\INTI\Documents\MCUXpressoIDE_10.0.0_344\workspace\lpc_chip_175x_6x\Debug\liblpc_chip_175x_6x.a(clock_17xx_40xx.o)
                0x00000e1c                Chip_Clock_GetPCLKDiv
 .text.Chip_Clock_GetSYSCLKRate
                0x00000ea8       0x34 C:\Users\INTI\Documents\MCUXpressoIDE_10.0.0_344\workspace\lpc_chip_175x_6x\Debug\liblpc_chip_175x_6x.a(clock_17xx_40xx.o)
                0x00000ea8                Chip_Clock_GetSYSCLKRate
 .text.Chip_Clock_GetMainPLLOutClockRate
                0x00000edc       0x54 C:\Users\INTI\Documents\MCUXpressoIDE_10.0.0_344\workspace\lpc_chip_175x_6x\Debug\liblpc_chip_175x_6x.a(clock_17xx_40xx.o)
                0x00000edc                Chip_Clock_GetMainPLLOutClockRate
 .text.Chip_Clock_GetMainClockRate
                0x00000f30       0x28 C:\Users\INTI\Documents\MCUXpressoIDE_10.0.0_344\workspace\lpc_chip_175x_6x\Debug\liblpc_chip_175x_6x.a(clock_17xx_40xx.o)
                0x00000f30                Chip_Clock_GetMainClockRate
 .text.Chip_Clock_GetSystemClockRate
                0x00000f58       0x18 C:\Users\INTI\Documents\MCUXpressoIDE_10.0.0_344\workspace\lpc_chip_175x_6x\Debug\liblpc_chip_175x_6x.a(clock_17xx_40xx.o)
                0x00000f58                Chip_Clock_GetSystemClockRate
 .text.Chip_Clock_GetPeripheralClockRate
                0x00000f70       0x28 C:\Users\INTI\Documents\MCUXpressoIDE_10.0.0_344\workspace\lpc_chip_175x_6x\Debug\liblpc_chip_175x_6x.a(clock_17xx_40xx.o)
                0x00000f70                Chip_Clock_GetPeripheralClockRate
 .text.Chip_Timer_GetClockIndex
                0x00000f98       0x50 C:\Users\INTI\Documents\MCUXpressoIDE_10.0.0_344\workspace\lpc_chip_175x_6x\Debug\liblpc_chip_175x_6x.a(timer_17xx_40xx.o)
 .text.Chip_TIMER_Init
                0x00000fe8       0x20 C:\Users\INTI\Documents\MCUXpressoIDE_10.0.0_344\workspace\lpc_chip_175x_6x\Debug\liblpc_chip_175x_6x.a(timer_17xx_40xx.o)
                0x00000fe8                Chip_TIMER_Init
 .text.Chip_TIMER_Reset
                0x00001008       0x3c C:\Users\INTI\Documents\MCUXpressoIDE_10.0.0_344\workspace\lpc_chip_175x_6x\Debug\liblpc_chip_175x_6x.a(timer_17xx_40xx.o)
                0x00001008                Chip_TIMER_Reset
 .text.Chip_UART_SetupFIFOS
                0x00001044       0x1c C:\Users\INTI\Documents\MCUXpressoIDE_10.0.0_344\workspace\lpc_chip_175x_6x\Debug\liblpc_chip_175x_6x.a(uart_17xx_40xx.o)
 .text.Chip_UART_ConfigData
                0x00001060       0x1c C:\Users\INTI\Documents\MCUXpressoIDE_10.0.0_344\workspace\lpc_chip_175x_6x\Debug\liblpc_chip_175x_6x.a(uart_17xx_40xx.o)
 .text.Chip_UART_EnableDivisorAccess
                0x0000107c       0x20 C:\Users\INTI\Documents\MCUXpressoIDE_10.0.0_344\workspace\lpc_chip_175x_6x\Debug\liblpc_chip_175x_6x.a(uart_17xx_40xx.o)
 .text.Chip_UART_DisableDivisorAccess
                0x0000109c       0x20 C:\Users\INTI\Documents\MCUXpressoIDE_10.0.0_344\workspace\lpc_chip_175x_6x\Debug\liblpc_chip_175x_6x.a(uart_17xx_40xx.o)
 .text.Chip_UART_SetDivisorLatches
                0x000010bc       0x28 C:\Users\INTI\Documents\MCUXpressoIDE_10.0.0_344\workspace\lpc_chip_175x_6x\Debug\liblpc_chip_175x_6x.a(uart_17xx_40xx.o)
 .text.Chip_UART_GetClockIndex
                0x000010e4       0x50 C:\Users\INTI\Documents\MCUXpressoIDE_10.0.0_344\workspace\lpc_chip_175x_6x\Debug\liblpc_chip_175x_6x.a(uart_17xx_40xx.o)
 .text.Chip_UART_GetClkIndex
                0x00001134       0x50 C:\Users\INTI\Documents\MCUXpressoIDE_10.0.0_344\workspace\lpc_chip_175x_6x\Debug\liblpc_chip_175x_6x.a(uart_17xx_40xx.o)
 .text.Chip_UART_Init
                0x00001184       0x78 C:\Users\INTI\Documents\MCUXpressoIDE_10.0.0_344\workspace\lpc_chip_175x_6x\Debug\liblpc_chip_175x_6x.a(uart_17xx_40xx.o)
                0x00001184                Chip_UART_Init
 .text.Chip_UART_TXEnable
                0x000011fc       0x18 C:\Users\INTI\Documents\MCUXpressoIDE_10.0.0_344\workspace\lpc_chip_175x_6x\Debug\liblpc_chip_175x_6x.a(uart_17xx_40xx.o)
                0x000011fc                Chip_UART_TXEnable
 .text.Chip_UART_TXDisable
                0x00001214       0x18 C:\Users\INTI\Documents\MCUXpressoIDE_10.0.0_344\workspace\lpc_chip_175x_6x\Debug\liblpc_chip_175x_6x.a(uart_17xx_40xx.o)
                0x00001214                Chip_UART_TXDisable
 .text.Chip_UART_SetBaud
                0x0000122c       0x64 C:\Users\INTI\Documents\MCUXpressoIDE_10.0.0_344\workspace\lpc_chip_175x_6x\Debug\liblpc_chip_175x_6x.a(uart_17xx_40xx.o)
                0x0000122c                Chip_UART_SetBaud
 .text.__weak_main
                0x00001290        0x4 c:/nxp/mcuxpressoide_10.0.0_344/ide/tools/bin/../lib/gcc/arm-none-eabi/5.4.1/../../../../arm-none-eabi/lib/armv7-m\libcr_c.a(__weak__main.o)
                0x00001290                __weak_main
                0x00001290                __main
 .text.__aeabi_division_uldivmod
                0x00001294      0x174 c:/nxp/mcuxpressoide_10.0.0_344/ide/tools/bin/../lib/gcc/arm-none-eabi/5.4.1/armv7-m\libcr_eabihelpers.a(division_64.o)
                0x00001294                __aeabi_uldivmod
                0x00001298                __bhs_ldivmod1
 .text.__aeabi_division_idiv0
                0x00001408        0x2 c:/nxp/mcuxpressoide_10.0.0_344/ide/tools/bin/../lib/gcc/arm-none-eabi/5.4.1/armv7-m\libcr_eabihelpers.a(division_idiv0.o)
                0x00001408                __aeabi_idiv0
 *(.rodata .rodata.* .constdata .constdata.*)
 *fill*         0x0000140a        0x2 ff
 .rodata.OscRateIn
                0x0000140c        0x4 C:\Users\INTI\Documents\MCUXpressoIDE_10.0.0_344\workspace\lpc_board_nxp_lpcxpresso_1769\Debug\liblpc_board_nxp_lpcxpresso_1769.a(board.o)
                0x0000140c                OscRateIn
 .rodata.RTCOscRateIn
                0x00001410        0x4 C:\Users\INTI\Documents\MCUXpressoIDE_10.0.0_344\workspace\lpc_board_nxp_lpcxpresso_1769\Debug\liblpc_board_nxp_lpcxpresso_1769.a(board.o)
                0x00001410                RTCOscRateIn
                0x00001414                . = ALIGN (0x4)

.glue_7         0x00001414        0x0
 .glue_7        0x00001414        0x0 linker stubs

.glue_7t        0x00001414        0x0
 .glue_7t       0x00001414        0x0 linker stubs

.vfp11_veneer   0x00001414        0x0
 .vfp11_veneer  0x00001414        0x0 linker stubs

.v4_bx          0x00001414        0x0
 .v4_bx         0x00001414        0x0 linker stubs

.iplt           0x00001414        0x0
 .iplt          0x00001414        0x0 ./src/Estacionamiento.o

.rel.dyn        0x00001414        0x0
 .rel.iplt      0x00001414        0x0 ./src/Estacionamiento.o

.ARM.extab
 *(.ARM.extab* .gnu.linkonce.armextab.*)
                0x00001414                __exidx_start = .

.ARM.exidx
 *(.ARM.exidx* .gnu.linkonce.armexidx.*)
                0x00001414                __exidx_end = .
                0x00001414                _etext = .

.data_RAM2      0x2007c000        0x0 load address 0x00001414
 FILL mask 0xff
                [!provide]                PROVIDE (__start_data_RAM2, .)
 *(.ramfunc.$RAM2)
 *(.ramfunc.$RamAHB32)
 *(.data.$RAM2*)
 *(.data.$RamAHB32*)
                0x2007c000                . = ALIGN (0x4)
                [!provide]                PROVIDE (__end_data_RAM2, .)

.uninit_RESERVED
                0x10000000        0x0
 *(.bss.$RESERVED*)
                0x10000000                . = ALIGN (0x4)
                0x10000000                _end_uninit_RESERVED = .

.data           0x10000000        0x4 load address 0x00001414
 FILL mask 0xff
                0x10000000                _data = .
 *(vtable)
 *(.ramfunc*)
 *(.data*)
 .data.SystemCoreClock
                0x10000000        0x4 C:\Users\INTI\Documents\MCUXpressoIDE_10.0.0_344\workspace\CMSIS_CORE_LPC17xx\Debug\libCMSIS_CORE_LPC17xx.a(system_LPC17xx.o)
                0x10000000                SystemCoreClock
                0x10000004                . = ALIGN (0x4)
                0x10000004                _edata = .

.igot.plt       0x10000004        0x0 load address 0x00001418
 .igot.plt      0x10000004        0x0 ./src/Estacionamiento.o

.bss_RAM2       0x2007c000        0x0
                [!provide]                PROVIDE (__start_bss_RAM2, .)
 *(.bss.$RAM2*)
 *(.bss.$RamAHB32*)
                0x2007c000                . = ALIGN ((. != 0x0)?0x4:0x1)
                [!provide]                PROVIDE (__end_bss_RAM2, .)

.bss            0x10000004        0xc
                0x10000004                _bss = .
 *(.bss*)
 .bss.flag      0x10000004        0x4 ./src/Estacionamiento.o
                0x10000004                flag
 .bss.pulse     0x10000008        0x4 ./src/Estacionamiento.o
                0x10000008                pulse
 *(COMMON)
 COMMON         0x1000000c        0x4 C:\Users\INTI\Documents\MCUXpressoIDE_10.0.0_344\workspace\libLCD\Debug\liblibLCD.a(lcd.o)
                0x1000000c                usTicks
                0x10000010                . = ALIGN (0x4)
                0x10000010                _ebss = .
                [!provide]                PROVIDE (end, .)

.noinit_RAM2    0x2007c000        0x0
 *(.noinit.$RAM2*)
 *(.noinit.$RamAHB32*)
                0x2007c000                . = ALIGN (0x4)

.noinit         0x10000010        0x0
                0x10000010                _noinit = .
 *(.noinit*)
                0x10000010                . = ALIGN (0x4)
                0x10000010                _end_noinit = .
                [!provide]                PROVIDE (_pvHeapStart, DEFINED (__user_heap_base)?__user_heap_base:.)
                0x10008000                PROVIDE (_vStackTop, DEFINED (__user_stack_top)?__user_stack_top:(__top_RamLoc32 - 0x0))
                0xefff74b2                PROVIDE (__valid_user_code_checksum, (0x0 - ((((((_vStackTop + (ResetISR + 0x1)) + (NMI_Handler + 0x1)) + (HardFault_Handler + 0x1)) + (DEFINED (MemManage_Handler)?MemManage_Handler:0x0 + 0x1)) + (DEFINED (BusFault_Handler)?BusFault_Handler:0x0 + 0x1)) + (DEFINED (UsageFault_Handler)?UsageFault_Handler:0x0 + 0x1))))
OUTPUT(Estacionamiento.axf elf32-littlearm)

.debug_info     0x00000000     0x505e
 .debug_info    0x00000000      0xf0a ./src/Estacionamiento.o
 .debug_info    0x00000f0a      0x253 ./src/cr_startup_lpc175x_6x.o
 .debug_info    0x0000115d       0x3f ./src/crp.o
 .debug_info    0x0000119c      0x9a2 C:\Users\INTI\Documents\MCUXpressoIDE_10.0.0_344\workspace\libLCD\Debug\liblibLCD.a(lcd.o)
 .debug_info    0x00001b3e      0x318 C:\Users\INTI\Documents\MCUXpressoIDE_10.0.0_344\workspace\CMSIS_CORE_LPC17xx\Debug\libCMSIS_CORE_LPC17xx.a(system_LPC17xx.o)
 .debug_info    0x00001e56     0x13d3 C:\Users\INTI\Documents\MCUXpressoIDE_10.0.0_344\workspace\lpc_board_nxp_lpcxpresso_1769\Debug\liblpc_board_nxp_lpcxpresso_1769.a(board.o)
 .debug_info    0x00003229      0xb62 C:\Users\INTI\Documents\MCUXpressoIDE_10.0.0_344\workspace\lpc_chip_175x_6x\Debug\liblpc_chip_175x_6x.a(clock_17xx_40xx.o)
 .debug_info    0x00003d8b      0x3f9 C:\Users\INTI\Documents\MCUXpressoIDE_10.0.0_344\workspace\lpc_chip_175x_6x\Debug\liblpc_chip_175x_6x.a(timer_17xx_40xx.o)
 .debug_info    0x00004184      0xeda C:\Users\INTI\Documents\MCUXpressoIDE_10.0.0_344\workspace\lpc_chip_175x_6x\Debug\liblpc_chip_175x_6x.a(uart_17xx_40xx.o)

.debug_abbrev   0x00000000     0x1163
 .debug_abbrev  0x00000000      0x29a ./src/Estacionamiento.o
 .debug_abbrev  0x0000029a       0xf5 ./src/cr_startup_lpc175x_6x.o
 .debug_abbrev  0x0000038f       0x36 ./src/crp.o
 .debug_abbrev  0x000003c5      0x208 C:\Users\INTI\Documents\MCUXpressoIDE_10.0.0_344\workspace\libLCD\Debug\liblibLCD.a(lcd.o)
 .debug_abbrev  0x000005cd       0xe6 C:\Users\INTI\Documents\MCUXpressoIDE_10.0.0_344\workspace\CMSIS_CORE_LPC17xx\Debug\libCMSIS_CORE_LPC17xx.a(system_LPC17xx.o)
 .debug_abbrev  0x000006b3      0x379 C:\Users\INTI\Documents\MCUXpressoIDE_10.0.0_344\workspace\lpc_board_nxp_lpcxpresso_1769\Debug\liblpc_board_nxp_lpcxpresso_1769.a(board.o)
 .debug_abbrev  0x00000a2c      0x2ec C:\Users\INTI\Documents\MCUXpressoIDE_10.0.0_344\workspace\lpc_chip_175x_6x\Debug\liblpc_chip_175x_6x.a(clock_17xx_40xx.o)
 .debug_abbrev  0x00000d18      0x163 C:\Users\INTI\Documents\MCUXpressoIDE_10.0.0_344\workspace\lpc_chip_175x_6x\Debug\liblpc_chip_175x_6x.a(timer_17xx_40xx.o)
 .debug_abbrev  0x00000e7b      0x2e8 C:\Users\INTI\Documents\MCUXpressoIDE_10.0.0_344\workspace\lpc_chip_175x_6x\Debug\liblpc_chip_175x_6x.a(uart_17xx_40xx.o)

.debug_aranges  0x00000000      0x5e8
 .debug_aranges
                0x00000000       0x78 ./src/Estacionamiento.o
 .debug_aranges
                0x00000078       0x80 ./src/cr_startup_lpc175x_6x.o
 .debug_aranges
                0x000000f8       0x18 ./src/crp.o
 .debug_aranges
                0x00000110       0xc8 C:\Users\INTI\Documents\MCUXpressoIDE_10.0.0_344\workspace\libLCD\Debug\liblibLCD.a(lcd.o)
 .debug_aranges
                0x000001d8       0x28 C:\Users\INTI\Documents\MCUXpressoIDE_10.0.0_344\workspace\CMSIS_CORE_LPC17xx\Debug\libCMSIS_CORE_LPC17xx.a(system_LPC17xx.o)
 .debug_aranges
                0x00000200      0x160 C:\Users\INTI\Documents\MCUXpressoIDE_10.0.0_344\workspace\lpc_board_nxp_lpcxpresso_1769\Debug\liblpc_board_nxp_lpcxpresso_1769.a(board.o)
 .debug_aranges
                0x00000360      0x120 C:\Users\INTI\Documents\MCUXpressoIDE_10.0.0_344\workspace\lpc_chip_175x_6x\Debug\liblpc_chip_175x_6x.a(clock_17xx_40xx.o)
 .debug_aranges
                0x00000480       0x40 C:\Users\INTI\Documents\MCUXpressoIDE_10.0.0_344\workspace\lpc_chip_175x_6x\Debug\liblpc_chip_175x_6x.a(timer_17xx_40xx.o)
 .debug_aranges
                0x000004c0      0x128 C:\Users\INTI\Documents\MCUXpressoIDE_10.0.0_344\workspace\lpc_chip_175x_6x\Debug\liblpc_chip_175x_6x.a(uart_17xx_40xx.o)

.debug_ranges   0x00000000      0x550
 .debug_ranges  0x00000000       0x68 ./src/Estacionamiento.o
 .debug_ranges  0x00000068       0x70 ./src/cr_startup_lpc175x_6x.o
 .debug_ranges  0x000000d8       0xb8 C:\Users\INTI\Documents\MCUXpressoIDE_10.0.0_344\workspace\libLCD\Debug\liblibLCD.a(lcd.o)
 .debug_ranges  0x00000190       0x18 C:\Users\INTI\Documents\MCUXpressoIDE_10.0.0_344\workspace\CMSIS_CORE_LPC17xx\Debug\libCMSIS_CORE_LPC17xx.a(system_LPC17xx.o)
 .debug_ranges  0x000001a8      0x150 C:\Users\INTI\Documents\MCUXpressoIDE_10.0.0_344\workspace\lpc_board_nxp_lpcxpresso_1769\Debug\liblpc_board_nxp_lpcxpresso_1769.a(board.o)
 .debug_ranges  0x000002f8      0x110 C:\Users\INTI\Documents\MCUXpressoIDE_10.0.0_344\workspace\lpc_chip_175x_6x\Debug\liblpc_chip_175x_6x.a(clock_17xx_40xx.o)
 .debug_ranges  0x00000408       0x30 C:\Users\INTI\Documents\MCUXpressoIDE_10.0.0_344\workspace\lpc_chip_175x_6x\Debug\liblpc_chip_175x_6x.a(timer_17xx_40xx.o)
 .debug_ranges  0x00000438      0x118 C:\Users\INTI\Documents\MCUXpressoIDE_10.0.0_344\workspace\lpc_chip_175x_6x\Debug\liblpc_chip_175x_6x.a(uart_17xx_40xx.o)

.debug_macro    0x00000000     0x6c8f
 .debug_macro   0x00000000      0x2c9 ./src/Estacionamiento.o
 .debug_macro   0x000002c9      0x88c ./src/Estacionamiento.o
 .debug_macro   0x00000b55       0x10 ./src/Estacionamiento.o
 .debug_macro   0x00000b65      0x12d ./src/Estacionamiento.o
 .debug_macro   0x00000c92      0x5b2 ./src/Estacionamiento.o
 .debug_macro   0x00001244       0x22 ./src/Estacionamiento.o
 .debug_macro   0x00001266       0x7b ./src/Estacionamiento.o
 .debug_macro   0x000012e1       0x10 ./src/Estacionamiento.o
 .debug_macro   0x000012f1       0x2d ./src/Estacionamiento.o
 .debug_macro   0x0000131e       0x3a ./src/Estacionamiento.o
 .debug_macro   0x00001358       0x2d ./src/Estacionamiento.o
 .debug_macro   0x00001385      0xbb1 ./src/Estacionamiento.o
 .debug_macro   0x00001f36      0x22c ./src/Estacionamiento.o
 .debug_macro   0x00002162       0x42 ./src/Estacionamiento.o
 .debug_macro   0x000021a4       0x52 ./src/Estacionamiento.o
 .debug_macro   0x000021f6       0x78 ./src/Estacionamiento.o
 .debug_macro   0x0000226e       0x82 ./src/Estacionamiento.o
 .debug_macro   0x000022f0      0x48c ./src/Estacionamiento.o
 .debug_macro   0x0000277c       0x34 ./src/Estacionamiento.o
 .debug_macro   0x000027b0      0x4c5 ./src/Estacionamiento.o
 .debug_macro   0x00002c75      0x1b7 ./src/Estacionamiento.o
 .debug_macro   0x00002e2c       0x10 ./src/Estacionamiento.o
 .debug_macro   0x00002e3c      0x21b ./src/Estacionamiento.o
 .debug_macro   0x00003057      0x1b9 ./src/Estacionamiento.o
 .debug_macro   0x00003210       0x40 ./src/Estacionamiento.o
 .debug_macro   0x00003250       0x22 ./src/Estacionamiento.o
 .debug_macro   0x00003272      0x162 ./src/Estacionamiento.o
 .debug_macro   0x000033d4       0x94 ./src/Estacionamiento.o
 .debug_macro   0x00003468       0xb8 ./src/Estacionamiento.o
 .debug_macro   0x00003520       0x4c ./src/Estacionamiento.o
 .debug_macro   0x0000356c       0x16 ./src/Estacionamiento.o
 .debug_macro   0x00003582      0x328 ./src/Estacionamiento.o
 .debug_macro   0x000038aa       0x49 ./src/Estacionamiento.o
 .debug_macro   0x000038f3       0x16 ./src/Estacionamiento.o
 .debug_macro   0x00003909       0xca ./src/Estacionamiento.o
 .debug_macro   0x000039d3       0x18 ./src/Estacionamiento.o
 .debug_macro   0x000039eb       0x76 ./src/Estacionamiento.o
 .debug_macro   0x00003a61       0x9a ./src/Estacionamiento.o
 .debug_macro   0x00003afb       0x20 ./src/Estacionamiento.o
 .debug_macro   0x00003b1b       0x28 ./src/Estacionamiento.o
 .debug_macro   0x00003b43       0x1c ./src/Estacionamiento.o
 .debug_macro   0x00003b5f      0x2c7 ./src/Estacionamiento.o
 .debug_macro   0x00003e26       0x82 ./src/Estacionamiento.o
 .debug_macro   0x00003ea8       0x70 ./src/Estacionamiento.o
 .debug_macro   0x00003f18       0x1d ./src/cr_startup_lpc175x_6x.o
 .debug_macro   0x00003f35       0x1a ./src/crp.o
 .debug_macro   0x00003f4f       0x34 ./src/crp.o
 .debug_macro   0x00003f83      0x220 C:\Users\INTI\Documents\MCUXpressoIDE_10.0.0_344\workspace\libLCD\Debug\liblibLCD.a(lcd.o)
 .debug_macro   0x000041a3      0x88c C:\Users\INTI\Documents\MCUXpressoIDE_10.0.0_344\workspace\libLCD\Debug\liblibLCD.a(lcd.o)
 .debug_macro   0x00004a2f       0x10 C:\Users\INTI\Documents\MCUXpressoIDE_10.0.0_344\workspace\libLCD\Debug\liblibLCD.a(lcd.o)
 .debug_macro   0x00004a3f      0x12d C:\Users\INTI\Documents\MCUXpressoIDE_10.0.0_344\workspace\libLCD\Debug\liblibLCD.a(lcd.o)
 .debug_macro   0x00004b6c      0x5b2 C:\Users\INTI\Documents\MCUXpressoIDE_10.0.0_344\workspace\libLCD\Debug\liblibLCD.a(lcd.o)
 .debug_macro   0x0000511e       0x76 C:\Users\INTI\Documents\MCUXpressoIDE_10.0.0_344\workspace\libLCD\Debug\liblibLCD.a(lcd.o)
 .debug_macro   0x00005194       0x9a C:\Users\INTI\Documents\MCUXpressoIDE_10.0.0_344\workspace\libLCD\Debug\liblibLCD.a(lcd.o)
 .debug_macro   0x0000522e       0x20 C:\Users\INTI\Documents\MCUXpressoIDE_10.0.0_344\workspace\libLCD\Debug\liblibLCD.a(lcd.o)
 .debug_macro   0x0000524e      0x12d C:\Users\INTI\Documents\MCUXpressoIDE_10.0.0_344\workspace\CMSIS_CORE_LPC17xx\Debug\libCMSIS_CORE_LPC17xx.a(system_LPC17xx.o)
 .debug_macro   0x0000537b      0x88c C:\Users\INTI\Documents\MCUXpressoIDE_10.0.0_344\workspace\CMSIS_CORE_LPC17xx\Debug\libCMSIS_CORE_LPC17xx.a(system_LPC17xx.o)
 .debug_macro   0x00005c07      0x289 C:\Users\INTI\Documents\MCUXpressoIDE_10.0.0_344\workspace\lpc_board_nxp_lpcxpresso_1769\Debug\liblpc_board_nxp_lpcxpresso_1769.a(board.o)
 .debug_macro   0x00005e90      0x886 C:\Users\INTI\Documents\MCUXpressoIDE_10.0.0_344\workspace\lpc_board_nxp_lpcxpresso_1769\Debug\liblpc_board_nxp_lpcxpresso_1769.a(board.o)
 .debug_macro   0x00006716       0x12 C:\Users\INTI\Documents\MCUXpressoIDE_10.0.0_344\workspace\lpc_board_nxp_lpcxpresso_1769\Debug\liblpc_board_nxp_lpcxpresso_1769.a(board.o)
 .debug_macro   0x00006728      0x1cd C:\Users\INTI\Documents\MCUXpressoIDE_10.0.0_344\workspace\lpc_chip_175x_6x\Debug\liblpc_chip_175x_6x.a(clock_17xx_40xx.o)
 .debug_macro   0x000068f5      0x1cd C:\Users\INTI\Documents\MCUXpressoIDE_10.0.0_344\workspace\lpc_chip_175x_6x\Debug\liblpc_chip_175x_6x.a(timer_17xx_40xx.o)
 .debug_macro   0x00006ac2      0x1cd C:\Users\INTI\Documents\MCUXpressoIDE_10.0.0_344\workspace\lpc_chip_175x_6x\Debug\liblpc_chip_175x_6x.a(uart_17xx_40xx.o)

.debug_line     0x00000000     0x2c0e
 .debug_line    0x00000000      0x6cc ./src/Estacionamiento.o
 .debug_line    0x000006cc       0xd5 ./src/cr_startup_lpc175x_6x.o
 .debug_line    0x000007a1       0x75 ./src/crp.o
 .debug_line    0x00000816      0x6d7 C:\Users\INTI\Documents\MCUXpressoIDE_10.0.0_344\workspace\libLCD\Debug\liblibLCD.a(lcd.o)
 .debug_line    0x00000eed      0x21a C:\Users\INTI\Documents\MCUXpressoIDE_10.0.0_344\workspace\CMSIS_CORE_LPC17xx\Debug\libCMSIS_CORE_LPC17xx.a(system_LPC17xx.o)
 .debug_line    0x00001107      0x850 C:\Users\INTI\Documents\MCUXpressoIDE_10.0.0_344\workspace\lpc_board_nxp_lpcxpresso_1769\Debug\liblpc_board_nxp_lpcxpresso_1769.a(board.o)
 .debug_line    0x00001957      0x6d2 C:\Users\INTI\Documents\MCUXpressoIDE_10.0.0_344\workspace\lpc_chip_175x_6x\Debug\liblpc_chip_175x_6x.a(clock_17xx_40xx.o)
 .debug_line    0x00002029      0x467 C:\Users\INTI\Documents\MCUXpressoIDE_10.0.0_344\workspace\lpc_chip_175x_6x\Debug\liblpc_chip_175x_6x.a(timer_17xx_40xx.o)
 .debug_line    0x00002490      0x77e C:\Users\INTI\Documents\MCUXpressoIDE_10.0.0_344\workspace\lpc_chip_175x_6x\Debug\liblpc_chip_175x_6x.a(uart_17xx_40xx.o)

.debug_str      0x00000000    0x15ba7
 .debug_str     0x00000000    0x12a7a ./src/Estacionamiento.o
                              0x12ba8 (size before relaxing)
 .debug_str     0x00012a7a      0x1c2 ./src/cr_startup_lpc175x_6x.o
                               0x26b7 (size before relaxing)
 .debug_str     0x00012c3c       0xe9 ./src/crp.o
                               0x25cf (size before relaxing)
 .debug_str     0x00012d25     0x108e C:\Users\INTI\Documents\MCUXpressoIDE_10.0.0_344\workspace\libLCD\Debug\liblibLCD.a(lcd.o)
                              0x113fe (size before relaxing)
 .debug_str     0x00013db3      0x46e C:\Users\INTI\Documents\MCUXpressoIDE_10.0.0_344\workspace\CMSIS_CORE_LPC17xx\Debug\libCMSIS_CORE_LPC17xx.a(system_LPC17xx.o)
                               0x99b8 (size before relaxing)
 .debug_str     0x00014221      0xd90 C:\Users\INTI\Documents\MCUXpressoIDE_10.0.0_344\workspace\lpc_board_nxp_lpcxpresso_1769\Debug\liblpc_board_nxp_lpcxpresso_1769.a(board.o)
                              0x11891 (size before relaxing)
 .debug_str     0x00014fb1      0x700 C:\Users\INTI\Documents\MCUXpressoIDE_10.0.0_344\workspace\lpc_chip_175x_6x\Debug\liblpc_chip_175x_6x.a(clock_17xx_40xx.o)
                              0x11131 (size before relaxing)
 .debug_str     0x000156b1      0x131 C:\Users\INTI\Documents\MCUXpressoIDE_10.0.0_344\workspace\lpc_chip_175x_6x\Debug\liblpc_chip_175x_6x.a(timer_17xx_40xx.o)
                              0x108df (size before relaxing)
 .debug_str     0x000157e2      0x3c5 C:\Users\INTI\Documents\MCUXpressoIDE_10.0.0_344\workspace\lpc_chip_175x_6x\Debug\liblpc_chip_175x_6x.a(uart_17xx_40xx.o)
                              0x11006 (size before relaxing)

.comment        0x00000000      0x14a
 .comment       0x00000000       0x6e ./src/Estacionamiento.o
                                 0x6f (size before relaxing)
 .comment       0x0000006e       0x6f ./src/cr_startup_lpc175x_6x.o
 .comment       0x0000006e       0x6f ./src/crp.o
 .comment       0x0000006e       0x6e C:\Users\INTI\Documents\MCUXpressoIDE_10.0.0_344\workspace\libLCD\Debug\liblibLCD.a(lcd.o)
                                 0x6f (size before relaxing)
 .comment       0x000000dc       0x6e C:\Users\INTI\Documents\MCUXpressoIDE_10.0.0_344\workspace\CMSIS_CORE_LPC17xx\Debug\libCMSIS_CORE_LPC17xx.a(system_LPC17xx.o)
                                 0x6f (size before relaxing)
 .comment       0x0000014a       0x6f C:\Users\INTI\Documents\MCUXpressoIDE_10.0.0_344\workspace\lpc_board_nxp_lpcxpresso_1769\Debug\liblpc_board_nxp_lpcxpresso_1769.a(board.o)
 .comment       0x0000014a       0x6f C:\Users\INTI\Documents\MCUXpressoIDE_10.0.0_344\workspace\lpc_chip_175x_6x\Debug\liblpc_chip_175x_6x.a(clock_17xx_40xx.o)
 .comment       0x0000014a       0x6f C:\Users\INTI\Documents\MCUXpressoIDE_10.0.0_344\workspace\lpc_chip_175x_6x\Debug\liblpc_chip_175x_6x.a(timer_17xx_40xx.o)
 .comment       0x0000014a       0x6f C:\Users\INTI\Documents\MCUXpressoIDE_10.0.0_344\workspace\lpc_chip_175x_6x\Debug\liblpc_chip_175x_6x.a(uart_17xx_40xx.o)
 .comment       0x0000014a       0x6f c:/nxp/mcuxpressoide_10.0.0_344/ide/tools/bin/../lib/gcc/arm-none-eabi/5.4.1/../../../../arm-none-eabi/lib/armv7-m\libcr_c.a(__weak__main.o)

.ARM.attributes
                0x00000000       0x31
 .ARM.attributes
                0x00000000       0x33 ./src/Estacionamiento.o
 .ARM.attributes
                0x00000033       0x33 ./src/cr_startup_lpc175x_6x.o
 .ARM.attributes
                0x00000066       0x33 ./src/crp.o
 .ARM.attributes
                0x00000099       0x33 C:\Users\INTI\Documents\MCUXpressoIDE_10.0.0_344\workspace\libLCD\Debug\liblibLCD.a(lcd.o)
 .ARM.attributes
                0x000000cc       0x33 C:\Users\INTI\Documents\MCUXpressoIDE_10.0.0_344\workspace\CMSIS_CORE_LPC17xx\Debug\libCMSIS_CORE_LPC17xx.a(system_LPC17xx.o)
 .ARM.attributes
                0x000000ff       0x33 C:\Users\INTI\Documents\MCUXpressoIDE_10.0.0_344\workspace\lpc_board_nxp_lpcxpresso_1769\Debug\liblpc_board_nxp_lpcxpresso_1769.a(board.o)
 .ARM.attributes
                0x00000132       0x33 C:\Users\INTI\Documents\MCUXpressoIDE_10.0.0_344\workspace\lpc_chip_175x_6x\Debug\liblpc_chip_175x_6x.a(clock_17xx_40xx.o)
 .ARM.attributes
                0x00000165       0x33 C:\Users\INTI\Documents\MCUXpressoIDE_10.0.0_344\workspace\lpc_chip_175x_6x\Debug\liblpc_chip_175x_6x.a(timer_17xx_40xx.o)
 .ARM.attributes
                0x00000198       0x33 C:\Users\INTI\Documents\MCUXpressoIDE_10.0.0_344\workspace\lpc_chip_175x_6x\Debug\liblpc_chip_175x_6x.a(uart_17xx_40xx.o)
 .ARM.attributes
                0x000001cb       0x33 c:/nxp/mcuxpressoide_10.0.0_344/ide/tools/bin/../lib/gcc/arm-none-eabi/5.4.1/../../../../arm-none-eabi/lib/armv7-m\libcr_c.a(__weak__main.o)
 .ARM.attributes
                0x000001fe       0x21 c:/nxp/mcuxpressoide_10.0.0_344/ide/tools/bin/../lib/gcc/arm-none-eabi/5.4.1/armv7-m\libcr_eabihelpers.a(division_64.o)
 .ARM.attributes
                0x0000021f       0x21 c:/nxp/mcuxpressoide_10.0.0_344/ide/tools/bin/../lib/gcc/arm-none-eabi/5.4.1/armv7-m\libcr_eabihelpers.a(division_idiv0.o)

.debug_frame    0x00000000     0x1714
 .debug_frame   0x00000000      0x1c8 ./src/Estacionamiento.o
 .debug_frame   0x000001c8      0x170 ./src/cr_startup_lpc175x_6x.o
 .debug_frame   0x00000338      0x334 C:\Users\INTI\Documents\MCUXpressoIDE_10.0.0_344\workspace\libLCD\Debug\liblibLCD.a(lcd.o)
 .debug_frame   0x0000066c       0x3c C:\Users\INTI\Documents\MCUXpressoIDE_10.0.0_344\workspace\CMSIS_CORE_LPC17xx\Debug\libCMSIS_CORE_LPC17xx.a(system_LPC17xx.o)
 .debug_frame   0x000006a8      0x5d4 C:\Users\INTI\Documents\MCUXpressoIDE_10.0.0_344\workspace\lpc_board_nxp_lpcxpresso_1769\Debug\liblpc_board_nxp_lpcxpresso_1769.a(board.o)
 .debug_frame   0x00000c7c      0x490 C:\Users\INTI\Documents\MCUXpressoIDE_10.0.0_344\workspace\lpc_chip_175x_6x\Debug\liblpc_chip_175x_6x.a(clock_17xx_40xx.o)
 .debug_frame   0x0000110c       0xd0 C:\Users\INTI\Documents\MCUXpressoIDE_10.0.0_344\workspace\lpc_chip_175x_6x\Debug\liblpc_chip_175x_6x.a(timer_17xx_40xx.o)
 .debug_frame   0x000011dc      0x538 C:\Users\INTI\Documents\MCUXpressoIDE_10.0.0_344\workspace\lpc_chip_175x_6x\Debug\liblpc_chip_175x_6x.a(uart_17xx_40xx.o)
