Archive member included to satisfy reference by file (symbol)

C:\Users\vargjere\Documents\MCUXpressoIDE_10.0.2_411\workspace\CMSIS_CORE_LPC17xx\Debug\libCMSIS_CORE_LPC17xx.a(system_LPC17xx.o)
                              ./src/Estacionamiento.o (SystemCoreClockUpdate)
C:\Users\vargjere\Documents\MCUXpressoIDE_10.0.2_411\workspace\lpc_board_nxp_lpcxpresso_1769\Debug\liblpc_board_nxp_lpcxpresso_1769.a(board.o)
                              ./src/Estacionamiento.o (Board_Init)
C:\Users\vargjere\Documents\MCUXpressoIDE_10.0.2_411\workspace\lpc_chip_175x_6x\Debug\liblpc_chip_175x_6x.a(clock_17xx_40xx.o)
                              C:\Users\vargjere\Documents\MCUXpressoIDE_10.0.2_411\workspace\lpc_board_nxp_lpcxpresso_1769\Debug\liblpc_board_nxp_lpcxpresso_1769.a(board.o) (Chip_Clock_EnablePeriphClock)
C:\Users\vargjere\Documents\MCUXpressoIDE_10.0.2_411\workspace\lpc_chip_175x_6x\Debug\liblpc_chip_175x_6x.a(i2s_17xx_40xx.o)
                              C:\Users\vargjere\Documents\MCUXpressoIDE_10.0.2_411\workspace\lpc_board_nxp_lpcxpresso_1769\Debug\liblpc_board_nxp_lpcxpresso_1769.a(board.o) (Chip_I2S_Init)
C:\Users\vargjere\Documents\MCUXpressoIDE_10.0.2_411\workspace\lpc_chip_175x_6x\Debug\liblpc_chip_175x_6x.a(iocon_17xx_40xx.o)
                              C:\Users\vargjere\Documents\MCUXpressoIDE_10.0.2_411\workspace\lpc_board_nxp_lpcxpresso_1769\Debug\liblpc_board_nxp_lpcxpresso_1769.a(board.o) (Chip_IOCON_PinMux)
C:\Users\vargjere\Documents\MCUXpressoIDE_10.0.2_411\workspace\lpc_chip_175x_6x\Debug\liblpc_chip_175x_6x.a(timer_17xx_40xx.o)
                              ./inc/lcd.o (Chip_TIMER_Init)
C:\Users\vargjere\Documents\MCUXpressoIDE_10.0.2_411\workspace\lpc_chip_175x_6x\Debug\liblpc_chip_175x_6x.a(uart_17xx_40xx.o)
                              C:\Users\vargjere\Documents\MCUXpressoIDE_10.0.2_411\workspace\lpc_board_nxp_lpcxpresso_1769\Debug\liblpc_board_nxp_lpcxpresso_1769.a(board.o) (Chip_UART_Init)
C:\Users\vargjere\Documents\MCUXpressoIDE_10.0.2_411\workspace\lpc_chip_175x_6x\Debug\liblpc_chip_175x_6x.a(ring_buffer.o)
                              C:\Users\vargjere\Documents\MCUXpressoIDE_10.0.2_411\workspace\lpc_chip_175x_6x\Debug\liblpc_chip_175x_6x.a(uart_17xx_40xx.o) (RingBuffer_Insert)
c:/nxp/mcuxpressoide_10.0.2_411/ide/tools/bin/../lib/gcc/arm-none-eabi/5.4.1/../../../../arm-none-eabi/lib/armv7-m\libcr_c.a(memcpy.o)
                              C:\Users\vargjere\Documents\MCUXpressoIDE_10.0.2_411\workspace\lpc_board_nxp_lpcxpresso_1769\Debug\liblpc_board_nxp_lpcxpresso_1769.a(board.o) (memcpy)
c:/nxp/mcuxpressoide_10.0.2_411/ide/tools/bin/../lib/gcc/arm-none-eabi/5.4.1/../../../../arm-none-eabi/lib/armv7-m\libcr_c.a(__weak__main.o)
                              ./src/cr_startup_lpc175x_6x.o (__main)
c:/nxp/mcuxpressoide_10.0.2_411/ide/tools/bin/../lib/gcc/arm-none-eabi/5.4.1/../../../../arm-none-eabi/lib/armv7-m\libcr_c.a(strcmp.o)
                              ./src/Estacionamiento.o (strcmp)
c:/nxp/mcuxpressoide_10.0.2_411/ide/tools/bin/../lib/gcc/arm-none-eabi/5.4.1/armv7-m\libcr_eabihelpers.a(division_64.o)
                              C:\Users\vargjere\Documents\MCUXpressoIDE_10.0.2_411\workspace\CMSIS_CORE_LPC17xx\Debug\libCMSIS_CORE_LPC17xx.a(system_LPC17xx.o) (__aeabi_uldivmod)
c:/nxp/mcuxpressoide_10.0.2_411/ide/tools/bin/../lib/gcc/arm-none-eabi/5.4.1/armv7-m\libcr_eabihelpers.a(division_idiv0.o)
                              c:/nxp/mcuxpressoide_10.0.2_411/ide/tools/bin/../lib/gcc/arm-none-eabi/5.4.1/armv7-m\libcr_eabihelpers.a(division_64.o) (__aeabi_idiv0)
c:/nxp/mcuxpressoide_10.0.2_411/ide/tools/bin/../lib/gcc/arm-none-eabi/5.4.1/armv7-m\libcr_eabihelpers.a(memcpy.o)
                              c:/nxp/mcuxpressoide_10.0.2_411/ide/tools/bin/../lib/gcc/arm-none-eabi/5.4.1/../../../../arm-none-eabi/lib/armv7-m\libcr_c.a(memcpy.o) (__aeabi_memcpy)

Discarded input sections

 .group         0x00000000        0x8 ./src/Estacionamiento.o
 .group         0x00000000        0x8 ./src/Estacionamiento.o
 .group         0x00000000        0x8 ./src/Estacionamiento.o
 .group         0x00000000        0x8 ./src/Estacionamiento.o
 .group         0x00000000        0x8 ./src/Estacionamiento.o
 .group         0x00000000        0x8 ./src/Estacionamiento.o
 .group         0x00000000        0x8 ./src/Estacionamiento.o
 .group         0x00000000        0x8 ./src/Estacionamiento.o
 .group         0x00000000        0x8 ./src/Estacionamiento.o
 .group         0x00000000        0x8 ./src/Estacionamiento.o
 .group         0x00000000        0x8 ./src/Estacionamiento.o
 .group         0x00000000        0x8 ./src/Estacionamiento.o
 .group         0x00000000        0x8 ./src/Estacionamiento.o
 .group         0x00000000        0x8 ./src/Estacionamiento.o
 .group         0x00000000        0x8 ./src/Estacionamiento.o
 .group         0x00000000        0x8 ./src/Estacionamiento.o
 .group         0x00000000        0x8 ./src/Estacionamiento.o
[...]
Memory Configuration

Name             Origin             Length             Attributes
MFlash512        0x00000000         0x00080000         xr
RamLoc32         0x10000000         0x00008000         xrw
RamAHB32         0x2007c000         0x00008000         xrw
*default*        0x00000000         0xffffffff

Linker script and memory map

LOAD ./src/Estacionamiento.o
LOAD ./src/cr_startup_lpc175x_6x.o
LOAD ./src/crp.o
LOAD ./src/sysinit.o
LOAD ./inc/lcd.o
LOAD ./inc/pwm.o
LOAD ./inc/uart.o
LOAD C:\Users\vargjere\Documents\MCUXpressoIDE_10.0.2_411\workspace\CMSIS_CORE_LPC17xx\Debug\libCMSIS_CORE_LPC17xx.a
LOAD C:\Users\vargjere\Documents\MCUXpressoIDE_10.0.2_411\workspace\lpc_board_nxp_lpcxpresso_1769\Debug\liblpc_board_nxp_lpcxpresso_1769.a
LOAD C:\Users\vargjere\Documents\MCUXpressoIDE_10.0.2_411\workspace\lpc_chip_175x_6x\Debug\liblpc_chip_175x_6x.a
START GROUP
LOAD c:/nxp/mcuxpressoide_10.0.2_411/ide/tools/bin/../lib/gcc/arm-none-eabi/5.4.1/../../../../arm-none-eabi/lib/armv7-m\libcr_c.a
LOAD c:/nxp/mcuxpressoide_10.0.2_411/ide/tools/bin/../lib/gcc/arm-none-eabi/5.4.1/armv7-m\libcr_eabihelpers.a
END GROUP
                0x00000000                __base_MFlash512 = 0x0
                0x00000000                __base_Flash = 0x0
                0x00080000                __top_MFlash512 = 0x80000
                0x00080000                __top_Flash = 0x80000
                0x10000000                __base_RamLoc32 = 0x10000000
                0x10000000                __base_RAM = 0x10000000
                0x10008000                __top_RamLoc32 = 0x10008000
                0x10008000                __top_RAM = 0x10008000
                0x2007c000                __base_RamAHB32 = 0x2007c000
                0x2007c000                __base_RAM2 = 0x2007c000
                0x20084000                __top_RamAHB32 = 0x20084000
                0x20084000                __top_RAM2 = 0x20084000

.text           0x00000000     0x2020
 FILL mask 0xff
                0x00000000                __vectors_start__ = ABSOLUTE (.)
 *(.isr_vector)
 .isr_vector    0x00000000       0xcc ./src/cr_startup_lpc175x_6x.o
                0x00000000                g_pfnVectors
                0x000000cc                . = ALIGN (0x4)
                0x000000cc                __section_table_start = .
                0x000000cc                __data_section_table = .
                0x000000cc        0x4 LONG 0x2020 LOADADDR (.data)
                0x000000d0        0x4 LONG 0x10000000 ADDR (.data)
                0x000000d4        0x4 LONG 0x4 SIZEOF (.data)
                0x000000d8        0x4 LONG 0x2020 LOADADDR (.data_RAM2)
                0x000000dc        0x4 LONG 0x2007c000 ADDR (.data_RAM2)
                0x000000e0        0x4 LONG 0x0 SIZEOF (.data_RAM2)
                0x000000e4                __data_section_table_end = .
                0x000000e4                __bss_section_table = .
                0x000000e4        0x4 LONG 0x10000004 ADDR (.bss)
                0x000000e8        0x4 LONG 0x38 SIZEOF (.bss)
                0x000000ec        0x4 LONG 0x2007c000 ADDR (.bss_RAM2)
                0x000000f0        0x4 LONG 0x0 SIZEOF (.bss_RAM2)
                0x000000f4                __bss_section_table_end = .
                0x000000f4                __section_table_end = .
 *(.after_vectors*)
 .after_vectors
                0x000000f4      0x144 ./src/cr_startup_lpc175x_6x.o
                0x000000f4                data_init
                0x00000138                bss_init
                0x00000170                ResetISR
                0x000001e8                NMI_Handler
                0x000001f0                HardFault_Handler
                0x000001f8                MemManage_Handler
                0x00000200                BusFault_Handler
                0x00000208                UsageFault_Handler
                0x00000210                SVC_Handler
                0x00000218                DebugMon_Handler
                0x00000220                PendSV_Handler
                0x00000230                UART1_IRQHandler
                0x00000230                EINT3_IRQHandler
                0x00000230                CANActivity_IRQHandler
                0x00000230                TIMER3_IRQHandler
                0x00000230                UART0_IRQHandler
                0x00000230                USBActivity_IRQHandler
                0x00000230                EINT2_IRQHandler
                0x00000230                IntDefaultHandler
                0x00000230                PLL0_IRQHandler
                0x00000230                CAN_IRQHandler
                0x00000230                I2C0_IRQHandler
                0x00000230                I2C1_IRQHandler
                0x00000230                I2S_IRQHandler
                0x00000230                I2C2_IRQHandler
                0x00000230                RTC_IRQHandler
                0x00000230                TIMER0_IRQHandler
                0x00000230                SPI_IRQHandler
                0x00000230                RIT_IRQHandler
                0x00000230                EINT1_IRQHandler
                0x00000230                UART2_IRQHandler
                0x00000230                ADC_IRQHandler
                0x00000230                SSP1_IRQHandler
                0x00000230                USB_IRQHandler
                0x00000230                BOD_IRQHandler
                0x00000230                PWM1_IRQHandler
                0x00000230                WDT_IRQHandler
                0x00000230                SSP0_IRQHandler
                0x00000230                QEI_IRQHandler
                0x00000230                EINT0_IRQHandler
                0x00000230                ETH_IRQHandler
                0x00000230                PLL1_IRQHandler
                0x00000230                DMA_IRQHandler
                0x00000230                TIMER2_IRQHandler
                0x00000230                UART3_IRQHandler
                0x00000230                MCPWM_IRQHandler
                0x000002fc                . = 0x2fc
 *fill*         0x00000238       0xc4 ff
                0x000002fc                PROVIDE (__CRP_WORD_START__, .)
 *(.crp)
 .crp           0x000002fc        0x4 ./src/crp.o
                0x000002fc                CRP_WORD
                0x00000300                PROVIDE (__CRP_WORD_END__, .)
                0x00000001                ASSERT (! ((__CRP_WORD_START__ == __CRP_WORD_END__)), Linker CRP Enabled, but no CRP_WORD provided within application)
 *(.text*)
 .text.NVIC_SetPriority
                0x00000300       0x54 ./src/Estacionamiento.o
 .text.SysTick_Config
                0x00000354       0x44 ./src/Estacionamiento.o
 .text.Chip_GPIO_SetPinState
                0x00000398       0x68 ./src/Estacionamiento.o
 .text.Chip_GPIO_GetPinState
                0x00000400       0x38 ./src/Estacionamiento.o
 .text.Chip_GPIO_SetPinDIROutput
                0x00000438       0x38 ./src/Estacionamiento.o
 .text.Chip_GPIO_SetPinDIRInput
                0x00000470       0x3c ./src/Estacionamiento.o
 .text.Chip_GPIO_SetPinOutHigh
                0x000004ac       0x2c ./src/Estacionamiento.o
 .text.Chip_GPIO_SetPinOutLow
                0x000004d8       0x2c ./src/Estacionamiento.o
 .text.Chip_GPIO_SetPinToggle
                0x00000504       0x4c ./src/Estacionamiento.o
 .text.main     0x00000550      0x300 ./src/Estacionamiento.o
                0x00000550                main
 .text.delay    0x00000850       0x44 ./src/Estacionamiento.o
                0x00000850                delay
 .text.CerrarBarrera
                0x00000894        0xc ./src/Estacionamiento.o
                0x00000894                CerrarBarrera
 .text.AbrirBarrera
                0x000008a0       0x70 ./src/Estacionamiento.o
                0x000008a0                AbrirBarrera
 .text.RefrescarSensores
                0x00000910       0x7c ./src/Estacionamiento.o
                0x00000910                RefrescarSensores
 .text.RefrescarLuces
                0x0000098c      0x13c ./src/Estacionamiento.o
                0x0000098c                RefrescarLuces
 .text.MostrarMensajeStdBy
                0x00000ac8       0x38 ./src/Estacionamiento.o
                0x00000ac8                MostrarMensajeStdBy
 .text.MostrarMensajeNoVal
                0x00000b00       0x58 ./src/Estacionamiento.o
                0x00000b00                MostrarMensajeNoVal
 .text.MostrarMensajeNoLug
                0x00000b58       0x40 ./src/Estacionamiento.o
                0x00000b58                MostrarMensajeNoLug
 .text.MostrarMensaje
                0x00000b98       0x5c ./src/Estacionamiento.o
                0x00000b98                MostrarMensaje
 .text.BuscarLugar
                0x00000bf4       0x68 ./src/Estacionamiento.o
                0x00000bf4                BuscarLugar
 .text.Iluminar
                0x00000c5c      0x100 ./src/Estacionamiento.o
                0x00000c5c                Iluminar
 .text.LeeTarjeta
                0x00000d5c       0x44 ./src/Estacionamiento.o
                0x00000d5c                LeeTarjeta
 .text.SysTick_Handler
                0x00000da0       0x24 ./src/Estacionamiento.o
                0x00000da0                SysTick_Handler
 .text.NVIC_EnableIRQ
                0x00000dc4       0x30 ./inc/lcd.o
 .text.NVIC_SetPriority
                0x00000df4       0x54 ./inc/lcd.o
 .text.Chip_TIMER_MatchPending
                0x00000e48       0x34 ./inc/lcd.o
 .text.Chip_TIMER_ClearMatch
                0x00000e7c       0x28 ./inc/lcd.o
 .text.Chip_TIMER_Enable
                0x00000ea4       0x20 ./inc/lcd.o
 .text.Chip_TIMER_Disable
                0x00000ec4       0x20 ./inc/lcd.o
 .text.Chip_TIMER_PrescaleSet
                0x00000ee4       0x1c ./inc/lcd.o
 .text.Chip_TIMER_SetMatch
                0x00000f00       0x28 ./inc/lcd.o
 .text.Chip_TIMER_MatchEnableInt
                0x00000f28       0x34 ./inc/lcd.o
 .text.Chip_TIMER_ResetOnMatchEnable
                0x00000f5c       0x34 ./inc/lcd.o
 .text.Chip_TIMER_StopOnMatchDisable
                0x00000f90       0x38 ./inc/lcd.o
 .text.LCD_Init
                0x00000fc8       0x80 ./inc/lcd.o
                0x00000fc8                LCD_Init
 .text.LCD_SendNibble
                0x00001048       0x94 ./inc/lcd.o
                0x00001048                LCD_SendNibble
 .text.LCD_SendChar
                0x000010dc       0x2c ./inc/lcd.o
                0x000010dc                LCD_SendChar
 .text.LCD_SendInstruction
                0x00001108       0x3c ./inc/lcd.o
                0x00001108                LCD_SendInstruction
 .text.LCD_SendByte
                0x00001144       0x28 ./inc/lcd.o
                0x00001144                LCD_SendByte
 .text.LCD_GoToxy
                0x0000116c       0x68 ./inc/lcd.o
                0x0000116c                LCD_GoToxy
 .text.LCD_Print
                0x000011d4       0x2c ./inc/lcd.o
                0x000011d4                LCD_Print
 .text.LCD_usDelay
                0x00001200       0x44 ./inc/lcd.o
                0x00001200                LCD_usDelay
 .text.LCD_Tim1Init
                0x00001244       0x64 ./inc/lcd.o
                0x00001244                LCD_Tim1Init
 .text.TIMER1_IRQHandler
                0x000012a8       0x30 ./inc/lcd.o
                0x000012a8                TIMER1_IRQHandler
 .text.InitPWM  0x000012d8       0x90 ./inc/pwm.o
                0x000012d8                InitPWM
 .text.SetPWM   0x00001368       0x24 ./inc/pwm.o
                0x00001368                SetPWM
 .text.uart_init
                0x0000138c       0xe8 ./inc/uart.o
                0x0000138c                uart_init
 .text.uart_RxChar
                0x00001474       0x2c ./inc/uart.o
                0x00001474                uart_RxChar
 .text.SystemCoreClockUpdate
                0x000014a0       0xb4 C:\Users\vargjere\Documents\MCUXpressoIDE_10.0.2_411\workspace\CMSIS_CORE_LPC17xx\Debug\libCMSIS_CORE_LPC17xx.a(system_LPC17xx.o)
                0x000014a0                SystemCoreClockUpdate
 .text.SystemInit
                0x00001554       0xe4 C:\Users\vargjere\Documents\MCUXpressoIDE_10.0.2_411\workspace\CMSIS_CORE_LPC17xx\Debug\libCMSIS_CORE_LPC17xx.a(system_LPC17xx.o)
                0x00001554                SystemInit
 .text.Chip_IOCON_Init
                0x00001638       0x18 C:\Users\vargjere\Documents\MCUXpressoIDE_10.0.2_411\workspace\lpc_board_nxp_lpcxpresso_1769\Debug\liblpc_board_nxp_lpcxpresso_1769.a(board.o)
 .text.Chip_GPIO_Init
                0x00001650       0x18 C:\Users\vargjere\Documents\MCUXpressoIDE_10.0.2_411\workspace\lpc_board_nxp_lpcxpresso_1769\Debug\liblpc_board_nxp_lpcxpresso_1769.a(board.o)
 .text.Chip_GPIO_SetPinDIROutput
                0x00001668       0x38 C:\Users\vargjere\Documents\MCUXpressoIDE_10.0.2_411\workspace\lpc_board_nxp_lpcxpresso_1769\Debug\liblpc_board_nxp_lpcxpresso_1769.a(board.o)
 .text.Chip_GPIO_SetPinDIRInput
                0x000016a0       0x3c C:\Users\vargjere\Documents\MCUXpressoIDE_10.0.2_411\workspace\lpc_board_nxp_lpcxpresso_1769\Debug\liblpc_board_nxp_lpcxpresso_1769.a(board.o)
 .text.Chip_GPIO_SetPinDIR
                0x000016dc       0x44 C:\Users\vargjere\Documents\MCUXpressoIDE_10.0.2_411\workspace\lpc_board_nxp_lpcxpresso_1769\Debug\liblpc_board_nxp_lpcxpresso_1769.a(board.o)
 .text.Chip_GPIO_WriteDirBit
                0x00001720       0x30 C:\Users\vargjere\Documents\MCUXpressoIDE_10.0.2_411\workspace\lpc_board_nxp_lpcxpresso_1769\Debug\liblpc_board_nxp_lpcxpresso_1769.a(board.o)
 .text.Chip_UART_ConfigData
                0x00001750       0x1c C:\Users\vargjere\Documents\MCUXpressoIDE_10.0.2_411\workspace\lpc_board_nxp_lpcxpresso_1769\Debug\liblpc_board_nxp_lpcxpresso_1769.a(board.o)
 .text.Board_LED_Init
                0x0000176c       0x18 C:\Users\vargjere\Documents\MCUXpressoIDE_10.0.2_411\workspace\lpc_board_nxp_lpcxpresso_1769\Debug\liblpc_board_nxp_lpcxpresso_1769.a(board.o)
 .text.Board_UART_Init
                0x00001784       0x14 C:\Users\vargjere\Documents\MCUXpressoIDE_10.0.2_411\workspace\lpc_board_nxp_lpcxpresso_1769\Debug\liblpc_board_nxp_lpcxpresso_1769.a(board.o)
                0x00001784                Board_UART_Init
 .text.Board_Debug_Init
                0x00001798       0x30 C:\Users\vargjere\Documents\MCUXpressoIDE_10.0.2_411\workspace\lpc_board_nxp_lpcxpresso_1769\Debug\liblpc_board_nxp_lpcxpresso_1769.a(board.o)
                0x00001798                Board_Debug_Init
 .text.Board_Init
                0x000017c8       0x24 C:\Users\vargjere\Documents\MCUXpressoIDE_10.0.2_411\workspace\lpc_board_nxp_lpcxpresso_1769\Debug\liblpc_board_nxp_lpcxpresso_1769.a(board.o)
                0x000017c8                Board_Init
 .text.Chip_Clock_IsMainPLLEnabled
                0x000017ec       0x24 C:\Users\vargjere\Documents\MCUXpressoIDE_10.0.2_411\workspace\lpc_chip_175x_6x\Debug\liblpc_chip_175x_6x.a(clock_17xx_40xx.o)
 .text.Chip_Clock_IsMainPLLConnected
                0x00001810       0x24 C:\Users\vargjere\Documents\MCUXpressoIDE_10.0.2_411\workspace\lpc_chip_175x_6x\Debug\liblpc_chip_175x_6x.a(clock_17xx_40xx.o)
 .text.Chip_Clock_GetMainPLLSource
                0x00001834       0x20 C:\Users\vargjere\Documents\MCUXpressoIDE_10.0.2_411\workspace\lpc_chip_175x_6x\Debug\liblpc_chip_175x_6x.a(clock_17xx_40xx.o)
 .text.Chip_Clock_GetMainOscRate
                0x00001854       0x14 C:\Users\vargjere\Documents\MCUXpressoIDE_10.0.2_411\workspace\lpc_chip_175x_6x\Debug\liblpc_chip_175x_6x.a(clock_17xx_40xx.o)
 .text.Chip_Clock_GetIntOscRate
                0x00001868       0x14 C:\Users\vargjere\Documents\MCUXpressoIDE_10.0.2_411\workspace\lpc_chip_175x_6x\Debug\liblpc_chip_175x_6x.a(clock_17xx_40xx.o)
 .text.Chip_Clock_GetRTCOscRate
                0x0000187c       0x14 C:\Users\vargjere\Documents\MCUXpressoIDE_10.0.2_411\workspace\lpc_chip_175x_6x\Debug\liblpc_chip_175x_6x.a(clock_17xx_40xx.o)
 .text.Chip_Clock_GetMainPLLInClockRate
                0x00001890       0x10 C:\Users\vargjere\Documents\MCUXpressoIDE_10.0.2_411\workspace\lpc_chip_175x_6x\Debug\liblpc_chip_175x_6x.a(clock_17xx_40xx.o)
 .text.Chip_Clock_EnablePeriphClock
                0x000018a0       0x34 C:\Users\vargjere\Documents\MCUXpressoIDE_10.0.2_411\workspace\lpc_chip_175x_6x\Debug\liblpc_chip_175x_6x.a(clock_17xx_40xx.o)
                0x000018a0                Chip_Clock_EnablePeriphClock
 .text.Chip_Clock_GetCPUClockSource
                0x000018d4       0x24 C:\Users\vargjere\Documents\MCUXpressoIDE_10.0.2_411\workspace\lpc_chip_175x_6x\Debug\liblpc_chip_175x_6x.a(clock_17xx_40xx.o)
                0x000018d4                Chip_Clock_GetCPUClockSource
 .text.Chip_Clock_GetCPUClockDiv
                0x000018f8       0x1c C:\Users\vargjere\Documents\MCUXpressoIDE_10.0.2_411\workspace\lpc_chip_175x_6x\Debug\liblpc_chip_175x_6x.a(clock_17xx_40xx.o)
                0x000018f8                Chip_Clock_GetCPUClockDiv
 .text.Chip_Clock_GetPCLKDiv
                0x00001914       0x8c C:\Users\vargjere\Documents\MCUXpressoIDE_10.0.2_411\workspace\lpc_chip_175x_6x\Debug\liblpc_chip_175x_6x.a(clock_17xx_40xx.o)
                0x00001914                Chip_Clock_GetPCLKDiv
 .text.Chip_Clock_GetSYSCLKRate
                0x000019a0       0x34 C:\Users\vargjere\Documents\MCUXpressoIDE_10.0.2_411\workspace\lpc_chip_175x_6x\Debug\liblpc_chip_175x_6x.a(clock_17xx_40xx.o)
                0x000019a0                Chip_Clock_GetSYSCLKRate
 .text.Chip_Clock_GetMainPLLOutClockRate
                0x000019d4       0x54 C:\Users\vargjere\Documents\MCUXpressoIDE_10.0.2_411\workspace\lpc_chip_175x_6x\Debug\liblpc_chip_175x_6x.a(clock_17xx_40xx.o)
                0x000019d4                Chip_Clock_GetMainPLLOutClockRate
 .text.Chip_Clock_GetMainClockRate
                0x00001a28       0x28 C:\Users\vargjere\Documents\MCUXpressoIDE_10.0.2_411\workspace\lpc_chip_175x_6x\Debug\liblpc_chip_175x_6x.a(clock_17xx_40xx.o)
                0x00001a28                Chip_Clock_GetMainClockRate
 .text.Chip_Clock_GetSystemClockRate
                0x00001a50       0x18 C:\Users\vargjere\Documents\MCUXpressoIDE_10.0.2_411\workspace\lpc_chip_175x_6x\Debug\liblpc_chip_175x_6x.a(clock_17xx_40xx.o)
                0x00001a50                Chip_Clock_GetSystemClockRate
 .text.Chip_Clock_GetPeripheralClockRate
                0x00001a68       0x28 C:\Users\vargjere\Documents\MCUXpressoIDE_10.0.2_411\workspace\lpc_chip_175x_6x\Debug\liblpc_chip_175x_6x.a(clock_17xx_40xx.o)
                0x00001a68                Chip_Clock_GetPeripheralClockRate
 .text.Chip_Timer_GetClockIndex
                0x00001a90       0x50 C:\Users\vargjere\Documents\MCUXpressoIDE_10.0.2_411\workspace\lpc_chip_175x_6x\Debug\liblpc_chip_175x_6x.a(timer_17xx_40xx.o)
 .text.Chip_TIMER_Init
                0x00001ae0       0x20 C:\Users\vargjere\Documents\MCUXpressoIDE_10.0.2_411\workspace\lpc_chip_175x_6x\Debug\liblpc_chip_175x_6x.a(timer_17xx_40xx.o)
                0x00001ae0                Chip_TIMER_Init
 .text.Chip_TIMER_Reset
                0x00001b00       0x3c C:\Users\vargjere\Documents\MCUXpressoIDE_10.0.2_411\workspace\lpc_chip_175x_6x\Debug\liblpc_chip_175x_6x.a(timer_17xx_40xx.o)
                0x00001b00                Chip_TIMER_Reset
 .text.Chip_UART_SetupFIFOS
                0x00001b3c       0x1c C:\Users\vargjere\Documents\MCUXpressoIDE_10.0.2_411\workspace\lpc_chip_175x_6x\Debug\liblpc_chip_175x_6x.a(uart_17xx_40xx.o)
 .text.Chip_UART_ConfigData
                0x00001b58       0x1c C:\Users\vargjere\Documents\MCUXpressoIDE_10.0.2_411\workspace\lpc_chip_175x_6x\Debug\liblpc_chip_175x_6x.a(uart_17xx_40xx.o)
 .text.Chip_UART_EnableDivisorAccess
                0x00001b74       0x20 C:\Users\vargjere\Documents\MCUXpressoIDE_10.0.2_411\workspace\lpc_chip_175x_6x\Debug\liblpc_chip_175x_6x.a(uart_17xx_40xx.o)
 .text.Chip_UART_DisableDivisorAccess
                0x00001b94       0x20 C:\Users\vargjere\Documents\MCUXpressoIDE_10.0.2_411\workspace\lpc_chip_175x_6x\Debug\liblpc_chip_175x_6x.a(uart_17xx_40xx.o)
 .text.Chip_UART_SetDivisorLatches
                0x00001bb4       0x28 C:\Users\vargjere\Documents\MCUXpressoIDE_10.0.2_411\workspace\lpc_chip_175x_6x\Debug\liblpc_chip_175x_6x.a(uart_17xx_40xx.o)
 .text.Chip_UART_GetClockIndex
                0x00001bdc       0x50 C:\Users\vargjere\Documents\MCUXpressoIDE_10.0.2_411\workspace\lpc_chip_175x_6x\Debug\liblpc_chip_175x_6x.a(uart_17xx_40xx.o)
 .text.Chip_UART_GetClkIndex
                0x00001c2c       0x50 C:\Users\vargjere\Documents\MCUXpressoIDE_10.0.2_411\workspace\lpc_chip_175x_6x\Debug\liblpc_chip_175x_6x.a(uart_17xx_40xx.o)
 .text.Chip_UART_Init
                0x00001c7c       0x78 C:\Users\vargjere\Documents\MCUXpressoIDE_10.0.2_411\workspace\lpc_chip_175x_6x\Debug\liblpc_chip_175x_6x.a(uart_17xx_40xx.o)
                0x00001c7c                Chip_UART_Init
 .text.Chip_UART_TXEnable
                0x00001cf4       0x18 C:\Users\vargjere\Documents\MCUXpressoIDE_10.0.2_411\workspace\lpc_chip_175x_6x\Debug\liblpc_chip_175x_6x.a(uart_17xx_40xx.o)
                0x00001cf4                Chip_UART_TXEnable
 .text.Chip_UART_TXDisable
                0x00001d0c       0x18 C:\Users\vargjere\Documents\MCUXpressoIDE_10.0.2_411\workspace\lpc_chip_175x_6x\Debug\liblpc_chip_175x_6x.a(uart_17xx_40xx.o)
                0x00001d0c                Chip_UART_TXDisable
 .text.Chip_UART_SetBaud
                0x00001d24       0x64 C:\Users\vargjere\Documents\MCUXpressoIDE_10.0.2_411\workspace\lpc_chip_175x_6x\Debug\liblpc_chip_175x_6x.a(uart_17xx_40xx.o)
                0x00001d24                Chip_UART_SetBaud
 .text.__weak_main
                0x00001d88        0x4 c:/nxp/mcuxpressoide_10.0.2_411/ide/tools/bin/../lib/gcc/arm-none-eabi/5.4.1/../../../../arm-none-eabi/lib/armv7-m\libcr_c.a(__weak__main.o)
                0x00001d88                __weak_main
                0x00001d88                __main
 .text.strcmp   0x00001d8c       0x44 c:/nxp/mcuxpressoide_10.0.2_411/ide/tools/bin/../lib/gcc/arm-none-eabi/5.4.1/../../../../arm-none-eabi/lib/armv7-m\libcr_c.a(strcmp.o)
                0x00001d8c                strcmp
 .text.__aeabi_division_uldivmod
                0x00001dd0      0x174 c:/nxp/mcuxpressoide_10.0.2_411/ide/tools/bin/../lib/gcc/arm-none-eabi/5.4.1/armv7-m\libcr_eabihelpers.a(division_64.o)
                0x00001dd0                __aeabi_uldivmod
                0x00001dd4                __bhs_ldivmod1
 .text.__aeabi_division_idiv0
                0x00001f44        0x2 c:/nxp/mcuxpressoide_10.0.2_411/ide/tools/bin/../lib/gcc/arm-none-eabi/5.4.1/armv7-m\libcr_eabihelpers.a(division_idiv0.o)
                0x00001f44                __aeabi_idiv0
 *(.rodata .rodata.* .constdata .constdata.*)
 *fill*         0x00001f46        0x2 ff
 .rodata        0x00001f48       0xcf ./src/Estacionamiento.o
 *fill*         0x00002017        0x1 ff
 .rodata.OscRateIn
                0x00002018        0x4 C:\Users\vargjere\Documents\MCUXpressoIDE_10.0.2_411\workspace\lpc_board_nxp_lpcxpresso_1769\Debug\liblpc_board_nxp_lpcxpresso_1769.a(board.o)
                0x00002018                OscRateIn
 .rodata.RTCOscRateIn
                0x0000201c        0x4 C:\Users\vargjere\Documents\MCUXpressoIDE_10.0.2_411\workspace\lpc_board_nxp_lpcxpresso_1769\Debug\liblpc_board_nxp_lpcxpresso_1769.a(board.o)
                0x0000201c                RTCOscRateIn
                0x00002020                . = ALIGN (0x4)

.glue_7         0x00002020        0x0
 .glue_7        0x00002020        0x0 linker stubs

.glue_7t        0x00002020        0x0
 .glue_7t       0x00002020        0x0 linker stubs

.vfp11_veneer   0x00002020        0x0
 .vfp11_veneer  0x00002020        0x0 linker stubs

.v4_bx          0x00002020        0x0
 .v4_bx         0x00002020        0x0 linker stubs

.iplt           0x00002020        0x0
 .iplt          0x00002020        0x0 ./src/Estacionamiento.o

.rel.dyn        0x00002020        0x0
 .rel.iplt      0x00002020        0x0 ./src/Estacionamiento.o

.ARM.extab
 *(.ARM.extab* .gnu.linkonce.armextab.*)
                0x00002020                __exidx_start = .

.ARM.exidx
 *(.ARM.exidx* .gnu.linkonce.armexidx.*)
                0x00002020                __exidx_end = .
                0x00002020                _etext = .

.data_RAM2      0x2007c000        0x0 load address 0x00002020
 FILL mask 0xff
                [!provide]                PROVIDE (__start_data_RAM2, .)
 *(.ramfunc.$RAM2)
 *(.ramfunc.$RamAHB32)
 *(.data.$RAM2*)
 *(.data.$RamAHB32*)
                0x2007c000                . = ALIGN (0x4)
                [!provide]                PROVIDE (__end_data_RAM2, .)

.uninit_RESERVED
                0x10000000        0x0
 *(.bss.$RESERVED*)
                0x10000000                . = ALIGN (0x4)
                0x10000000                _end_uninit_RESERVED = .

.data           0x10000000        0x4 load address 0x00002020
 FILL mask 0xff
                0x10000000                _data = .
 *(vtable)
 *(.ramfunc*)
 *(.data*)
 .data.SystemCoreClock
                0x10000000        0x4 C:\Users\vargjere\Documents\MCUXpressoIDE_10.0.2_411\workspace\CMSIS_CORE_LPC17xx\Debug\libCMSIS_CORE_LPC17xx.a(system_LPC17xx.o)
                0x10000000                SystemCoreClock
                0x10000004                . = ALIGN (0x4)
                0x10000004                _edata = .

.igot.plt       0x10000004        0x0 load address 0x00002024
 .igot.plt      0x10000004        0x0 ./src/Estacionamiento.o

.bss_RAM2       0x2007c000        0x0
                [!provide]                PROVIDE (__start_bss_RAM2, .)
 *(.bss.$RAM2*)
 *(.bss.$RamAHB32*)
                0x2007c000                . = ALIGN ((. != 0x0)?0x4:0x1)
                [!provide]                PROVIDE (__end_bss_RAM2, .)

.bss            0x10000004       0x38
                0x10000004                _bss = .
 *(.bss*)
 .bss.puesto    0x10000004       0x18 ./src/Estacionamiento.o
                0x10000004                puesto
 .bss.tim       0x1000001c        0x4 ./src/Estacionamiento.o
                0x1000001c                tim
 .bss.nuevo_ID  0x10000020        0x9 ./src/Estacionamiento.o
                0x10000020                nuevo_ID
 *fill*         0x10000029        0x3 
 .bss.extra_ID  0x1000002c        0x9 ./src/Estacionamiento.o
                0x1000002c                extra_ID
 *fill*         0x10000035        0x3 
 .bss.usTicks   0x10000038        0x4 ./inc/lcd.o
                0x10000038                usTicks
 *(COMMON)
                0x1000003c                . = ALIGN (0x4)
                0x1000003c                _ebss = .
                [!provide]                PROVIDE (end, .)

.noinit_RAM2    0x2007c000        0x0
 *(.noinit.$RAM2*)
 *(.noinit.$RamAHB32*)
                0x2007c000                . = ALIGN (0x4)

.noinit         0x1000003c        0x0
                0x1000003c                _noinit = .
 *(.noinit*)
                0x1000003c                . = ALIGN (0x4)
                0x1000003c                _end_noinit = .
                [!provide]                PROVIDE (_pvHeapStart, DEFINED (__user_heap_base)?__user_heap_base:.)
                0x10008000                PROVIDE (_vStackTop, DEFINED (__user_stack_top)?__user_stack_top:(__top_RamLoc32 - 0x0))
                0xefff74b2                PROVIDE (__valid_user_code_checksum, (0x0 - ((((((_vStackTop + (ResetISR + 0x1)) + (NMI_Handler + 0x1)) + (HardFault_Handler + 0x1)) + (DEFINED (MemManage_Handler)?MemManage_Handler:0x0 + 0x1)) + (DEFINED (BusFault_Handler)?BusFault_Handler:0x0 + 0x1)) + (DEFINED (UsageFault_Handler)?UsageFault_Handler:0x0 + 0x1))))
OUTPUT(Estacionamiento.axf elf32-littlearm)

.debug_info     0x00000000     0x5a75
 .debug_info    0x00000000      0xaec ./src/Estacionamiento.o
 .debug_info    0x00000aec      0x253 ./src/cr_startup_lpc175x_6x.o
 .debug_info    0x00000d3f       0x3f ./src/crp.o
 .debug_info    0x00000d7e      0xb63 ./inc/lcd.o
 .debug_info    0x000018e1      0x5d3 ./inc/pwm.o
 .debug_info    0x00001eb4      0x6a1 ./inc/uart.o
 .debug_info    0x00002555      0x318 C:\Users\vargjere\Documents\MCUXpressoIDE_10.0.2_411\workspace\CMSIS_CORE_LPC17xx\Debug\libCMSIS_CORE_LPC17xx.a(system_LPC17xx.o)
 .debug_info    0x0000286d     0x13d3 C:\Users\vargjere\Documents\MCUXpressoIDE_10.0.2_411\workspace\lpc_board_nxp_lpcxpresso_1769\Debug\liblpc_board_nxp_lpcxpresso_1769.a(board.o)
 .debug_info    0x00003c40      0xb62 C:\Users\vargjere\Documents\MCUXpressoIDE_10.0.2_411\workspace\lpc_chip_175x_6x\Debug\liblpc_chip_175x_6x.a(clock_17xx_40xx.o)
 .debug_info    0x000047a2      0x3f9 C:\Users\vargjere\Documents\MCUXpressoIDE_10.0.2_411\workspace\lpc_chip_175x_6x\Debug\liblpc_chip_175x_6x.a(timer_17xx_40xx.o)
 .debug_info    0x00004b9b      0xeda C:\Users\vargjere\Documents\MCUXpressoIDE_10.0.2_411\workspace\lpc_chip_175x_6x\Debug\liblpc_chip_175x_6x.a(uart_17xx_40xx.o)

.debug_abbrev   0x00000000     0x14bc
 .debug_abbrev  0x00000000      0x320 ./src/Estacionamiento.o
 .debug_abbrev  0x00000320       0xf5 ./src/cr_startup_lpc175x_6x.o
 .debug_abbrev  0x00000415       0x36 ./src/crp.o
 .debug_abbrev  0x0000044b      0x206 ./inc/lcd.o
 .debug_abbrev  0x00000651      0x13a ./inc/pwm.o
 .debug_abbrev  0x0000078b      0x19b ./inc/uart.o
 .debug_abbrev  0x00000926       0xe6 C:\Users\vargjere\Documents\MCUXpressoIDE_10.0.2_411\workspace\CMSIS_CORE_LPC17xx\Debug\libCMSIS_CORE_LPC17xx.a(system_LPC17xx.o)
 .debug_abbrev  0x00000a0c      0x379 C:\Users\vargjere\Documents\MCUXpressoIDE_10.0.2_411\workspace\lpc_board_nxp_lpcxpresso_1769\Debug\liblpc_board_nxp_lpcxpresso_1769.a(board.o)
 .debug_abbrev  0x00000d85      0x2ec C:\Users\vargjere\Documents\MCUXpressoIDE_10.0.2_411\workspace\lpc_chip_175x_6x\Debug\liblpc_chip_175x_6x.a(clock_17xx_40xx.o)
 .debug_abbrev  0x00001071      0x163 C:\Users\vargjere\Documents\MCUXpressoIDE_10.0.2_411\workspace\lpc_chip_175x_6x\Debug\liblpc_chip_175x_6x.a(timer_17xx_40xx.o)
 .debug_abbrev  0x000011d4      0x2e8 C:\Users\vargjere\Documents\MCUXpressoIDE_10.0.2_411\workspace\lpc_chip_175x_6x\Debug\liblpc_chip_175x_6x.a(uart_17xx_40xx.o)

.debug_aranges  0x00000000      0x6a0
 .debug_aranges
                0x00000000       0xd0 ./src/Estacionamiento.o
 .debug_aranges
                0x000000d0       0x80 ./src/cr_startup_lpc175x_6x.o
 .debug_aranges
                0x00000150       0x18 ./src/crp.o
 .debug_aranges
                0x00000168       0xd0 ./inc/lcd.o
 .debug_aranges
                0x00000238       0x28 ./inc/pwm.o
 .debug_aranges
                0x00000260       0x30 ./inc/uart.o
 .debug_aranges
                0x00000290       0x28 C:\Users\vargjere\Documents\MCUXpressoIDE_10.0.2_411\workspace\CMSIS_CORE_LPC17xx\Debug\libCMSIS_CORE_LPC17xx.a(system_LPC17xx.o)
 .debug_aranges
                0x000002b8      0x160 C:\Users\vargjere\Documents\MCUXpressoIDE_10.0.2_411\workspace\lpc_board_nxp_lpcxpresso_1769\Debug\liblpc_board_nxp_lpcxpresso_1769.a(board.o)
 .debug_aranges
                0x00000418      0x120 C:\Users\vargjere\Documents\MCUXpressoIDE_10.0.2_411\workspace\lpc_chip_175x_6x\Debug\liblpc_chip_175x_6x.a(clock_17xx_40xx.o)
 .debug_aranges
                0x00000538       0x40 C:\Users\vargjere\Documents\MCUXpressoIDE_10.0.2_411\workspace\lpc_chip_175x_6x\Debug\liblpc_chip_175x_6x.a(timer_17xx_40xx.o)
 .debug_aranges
                0x00000578      0x128 C:\Users\vargjere\Documents\MCUXpressoIDE_10.0.2_411\workspace\lpc_chip_175x_6x\Debug\liblpc_chip_175x_6x.a(uart_17xx_40xx.o)

.debug_ranges   0x00000000      0x5e8
 .debug_ranges  0x00000000       0xc0 ./src/Estacionamiento.o
 .debug_ranges  0x000000c0       0x70 ./src/cr_startup_lpc175x_6x.o
 .debug_ranges  0x00000130       0xc0 ./inc/lcd.o
 .debug_ranges  0x000001f0       0x18 ./inc/pwm.o
 .debug_ranges  0x00000208       0x20 ./inc/uart.o
 .debug_ranges  0x00000228       0x18 C:\Users\vargjere\Documents\MCUXpressoIDE_10.0.2_411\workspace\CMSIS_CORE_LPC17xx\Debug\libCMSIS_CORE_LPC17xx.a(system_LPC17xx.o)
 .debug_ranges  0x00000240      0x150 C:\Users\vargjere\Documents\MCUXpressoIDE_10.0.2_411\workspace\lpc_board_nxp_lpcxpresso_1769\Debug\liblpc_board_nxp_lpcxpresso_1769.a(board.o)
 .debug_ranges  0x00000390      0x110 C:\Users\vargjere\Documents\MCUXpressoIDE_10.0.2_411\workspace\lpc_chip_175x_6x\Debug\liblpc_chip_175x_6x.a(clock_17xx_40xx.o)
 .debug_ranges  0x000004a0       0x30 C:\Users\vargjere\Documents\MCUXpressoIDE_10.0.2_411\workspace\lpc_chip_175x_6x\Debug\liblpc_chip_175x_6x.a(timer_17xx_40xx.o)
 .debug_ranges  0x000004d0      0x118 C:\Users\vargjere\Documents\MCUXpressoIDE_10.0.2_411\workspace\lpc_chip_175x_6x\Debug\liblpc_chip_175x_6x.a(uart_17xx_40xx.o)

.debug_macro    0x00000000     0x64c6
 .debug_macro   0x00000000      0x2b4 ./src/Estacionamiento.o
 .debug_macro   0x000002b4      0x88c ./src/Estacionamiento.o
 .debug_macro   0x00000b40       0x10 ./src/Estacionamiento.o
 .debug_macro   0x00000b50      0x12d ./src/Estacionamiento.o
 .debug_macro   0x00000c7d      0x5b2 ./src/Estacionamiento.o
 .debug_macro   0x0000122f       0x22 ./src/Estacionamiento.o
 .debug_macro   0x00001251       0x7b ./src/Estacionamiento.o
 .debug_macro   0x000012cc       0x10 ./src/Estacionamiento.o
 .debug_macro   0x000012dc       0x2d ./src/Estacionamiento.o
 .debug_macro   0x00001309       0x3a ./src/Estacionamiento.o
 .debug_macro   0x00001343       0x2d ./src/Estacionamiento.o
 .debug_macro   0x00001370      0xbb1 ./src/Estacionamiento.o
 .debug_macro   0x00001f21      0x22c ./src/Estacionamiento.o
 .debug_macro   0x0000214d       0x42 ./src/Estacionamiento.o
 .debug_macro   0x0000218f       0x52 ./src/Estacionamiento.o
 .debug_macro   0x000021e1       0x78 ./src/Estacionamiento.o
 .debug_macro   0x00002259       0x82 ./src/Estacionamiento.o
 .debug_macro   0x000022db      0x48c ./src/Estacionamiento.o
 .debug_macro   0x00002767       0x34 ./src/Estacionamiento.o
 .debug_macro   0x0000279b      0x4c5 ./src/Estacionamiento.o
 .debug_macro   0x00002c60      0x1b7 ./src/Estacionamiento.o
 .debug_macro   0x00002e17       0x10 ./src/Estacionamiento.o
 .debug_macro   0x00002e27      0x21b ./src/Estacionamiento.o
 .debug_macro   0x00003042      0x1b9 ./src/Estacionamiento.o
 .debug_macro   0x000031fb       0x40 ./src/Estacionamiento.o
 .debug_macro   0x0000323b       0x22 ./src/Estacionamiento.o
 .debug_macro   0x0000325d      0x162 ./src/Estacionamiento.o
 .debug_macro   0x000033bf       0x94 ./src/Estacionamiento.o
 .debug_macro   0x00003453       0xb8 ./src/Estacionamiento.o
 .debug_macro   0x0000350b       0x4c ./src/Estacionamiento.o
 .debug_macro   0x00003557       0x16 ./src/Estacionamiento.o
 .debug_macro   0x0000356d      0x328 ./src/Estacionamiento.o
 .debug_macro   0x00003895       0x49 ./src/Estacionamiento.o
 .debug_macro   0x000038de       0x16 ./src/Estacionamiento.o
 .debug_macro   0x000038f4       0xca ./src/Estacionamiento.o
 .debug_macro   0x000039be       0x18 ./src/Estacionamiento.o
 .debug_macro   0x000039d6       0x76 ./src/Estacionamiento.o
 .debug_macro   0x00003a4c       0x9a ./src/Estacionamiento.o
 .debug_macro   0x00003ae6       0x20 ./src/Estacionamiento.o
 .debug_macro   0x00003b06       0x28 ./src/Estacionamiento.o
 .debug_macro   0x00003b2e       0x1c ./src/Estacionamiento.o
 .debug_macro   0x00003b4a      0x2c7 ./src/Estacionamiento.o
 .debug_macro   0x00003e11       0x82 ./src/Estacionamiento.o
 .debug_macro   0x00003e93       0x70 ./src/Estacionamiento.o
 .debug_macro   0x00003f03       0x94 ./src/Estacionamiento.o
 .debug_macro   0x00003f97      0x21d ./src/Estacionamiento.o
 .debug_macro   0x000041b4       0x2e ./src/Estacionamiento.o
 .debug_macro   0x000041e2       0x1d ./src/cr_startup_lpc175x_6x.o
 .debug_macro   0x000041ff       0x1a ./src/crp.o
 .debug_macro   0x00004219       0x34 ./src/crp.o
 .debug_macro   0x0000424d      0x220 ./inc/lcd.o
 .debug_macro   0x0000446d       0x81 ./inc/pwm.o
 .debug_macro   0x000044ee       0x90 ./inc/uart.o
 .debug_macro   0x0000457e       0x1c ./inc/uart.o
 .debug_macro   0x0000459a      0x2c7 ./inc/uart.o
 .debug_macro   0x00004861      0x224 ./inc/uart.o
 .debug_macro   0x00004a85      0x12d C:\Users\vargjere\Documents\MCUXpressoIDE_10.0.2_411\workspace\CMSIS_CORE_LPC17xx\Debug\libCMSIS_CORE_LPC17xx.a(system_LPC17xx.o)
 .debug_macro   0x00004bb2      0x88c C:\Users\vargjere\Documents\MCUXpressoIDE_10.0.2_411\workspace\CMSIS_CORE_LPC17xx\Debug\libCMSIS_CORE_LPC17xx.a(system_LPC17xx.o)
 .debug_macro   0x0000543e      0x289 C:\Users\vargjere\Documents\MCUXpressoIDE_10.0.2_411\workspace\lpc_board_nxp_lpcxpresso_1769\Debug\liblpc_board_nxp_lpcxpresso_1769.a(board.o)
 .debug_macro   0x000056c7      0x886 C:\Users\vargjere\Documents\MCUXpressoIDE_10.0.2_411\workspace\lpc_board_nxp_lpcxpresso_1769\Debug\liblpc_board_nxp_lpcxpresso_1769.a(board.o)
 .debug_macro   0x00005f4d       0x12 C:\Users\vargjere\Documents\MCUXpressoIDE_10.0.2_411\workspace\lpc_board_nxp_lpcxpresso_1769\Debug\liblpc_board_nxp_lpcxpresso_1769.a(board.o)
 .debug_macro   0x00005f5f      0x1cd C:\Users\vargjere\Documents\MCUXpressoIDE_10.0.2_411\workspace\lpc_chip_175x_6x\Debug\liblpc_chip_175x_6x.a(clock_17xx_40xx.o)
 .debug_macro   0x0000612c      0x1cd C:\Users\vargjere\Documents\MCUXpressoIDE_10.0.2_411\workspace\lpc_chip_175x_6x\Debug\liblpc_chip_175x_6x.a(timer_17xx_40xx.o)
 .debug_macro   0x000062f9      0x1cd C:\Users\vargjere\Documents\MCUXpressoIDE_10.0.2_411\workspace\lpc_chip_175x_6x\Debug\liblpc_chip_175x_6x.a(uart_17xx_40xx.o)

.debug_line     0x00000000     0x325f
 .debug_line    0x00000000      0x910 ./src/Estacionamiento.o
 .debug_line    0x00000910       0xd5 ./src/cr_startup_lpc175x_6x.o
 .debug_line    0x000009e5       0x75 ./src/crp.o
 .debug_line    0x00000a5a      0x70d ./inc/lcd.o
 .debug_line    0x00001167      0x1c4 ./inc/pwm.o
 .debug_line    0x0000132b      0x201 ./inc/uart.o
 .debug_line    0x0000152c      0x218 C:\Users\vargjere\Documents\MCUXpressoIDE_10.0.2_411\workspace\CMSIS_CORE_LPC17xx\Debug\libCMSIS_CORE_LPC17xx.a(system_LPC17xx.o)
 .debug_line    0x00001744      0x858 C:\Users\vargjere\Documents\MCUXpressoIDE_10.0.2_411\workspace\lpc_board_nxp_lpcxpresso_1769\Debug\liblpc_board_nxp_lpcxpresso_1769.a(board.o)
 .debug_line    0x00001f9c      0x6d6 C:\Users\vargjere\Documents\MCUXpressoIDE_10.0.2_411\workspace\lpc_chip_175x_6x\Debug\liblpc_chip_175x_6x.a(clock_17xx_40xx.o)
 .debug_line    0x00002672      0x46b C:\Users\vargjere\Documents\MCUXpressoIDE_10.0.2_411\workspace\lpc_chip_175x_6x\Debug\liblpc_chip_175x_6x.a(timer_17xx_40xx.o)
 .debug_line    0x00002add      0x782 C:\Users\vargjere\Documents\MCUXpressoIDE_10.0.2_411\workspace\lpc_chip_175x_6x\Debug\liblpc_chip_175x_6x.a(uart_17xx_40xx.o)

.debug_str      0x00000000    0x15a80
 .debug_str     0x00000000    0x133a8 ./src/Estacionamiento.o
                              0x134b3 (size before relaxing)
 .debug_str     0x000133a8      0x1b2 ./src/cr_startup_lpc175x_6x.o
                               0x26bb (size before relaxing)
 .debug_str     0x0001355a       0xe9 ./src/crp.o
                               0x25d3 (size before relaxing)
 .debug_str     0x00013643      0x42b ./inc/lcd.o
                              0x113f1 (size before relaxing)
 .debug_str     0x00013a6e      0x24d ./inc/pwm.o
                               0x994c (size before relaxing)
 .debug_str     0x00013cbb       0x88 ./inc/uart.o
                               0xa2a0 (size before relaxing)
 .debug_str     0x00013d43      0x423 C:\Users\vargjere\Documents\MCUXpressoIDE_10.0.2_411\workspace\CMSIS_CORE_LPC17xx\Debug\libCMSIS_CORE_LPC17xx.a(system_LPC17xx.o)
                               0x9922 (size before relaxing)
 .debug_str     0x00014166      0xd29 C:\Users\vargjere\Documents\MCUXpressoIDE_10.0.2_411\workspace\lpc_board_nxp_lpcxpresso_1769\Debug\liblpc_board_nxp_lpcxpresso_1769.a(board.o)
                              0x11895 (size before relaxing)
 .debug_str     0x00014e8f      0x704 C:\Users\vargjere\Documents\MCUXpressoIDE_10.0.2_411\workspace\lpc_chip_175x_6x\Debug\liblpc_chip_175x_6x.a(clock_17xx_40xx.o)
                              0x11135 (size before relaxing)
 .debug_str     0x00015593      0x131 C:\Users\vargjere\Documents\MCUXpressoIDE_10.0.2_411\workspace\lpc_chip_175x_6x\Debug\liblpc_chip_175x_6x.a(timer_17xx_40xx.o)
                              0x108e3 (size before relaxing)
 .debug_str     0x000156c4      0x3bc C:\Users\vargjere\Documents\MCUXpressoIDE_10.0.2_411\workspace\lpc_chip_175x_6x\Debug\liblpc_chip_175x_6x.a(uart_17xx_40xx.o)
                              0x1100a (size before relaxing)

.comment        0x00000000       0x6e
 .comment       0x00000000       0x6e ./src/Estacionamiento.o
                                 0x6f (size before relaxing)
 .comment       0x0000006e       0x6f ./src/cr_startup_lpc175x_6x.o
 .comment       0x0000006e       0x6f ./src/crp.o
 .comment       0x0000006e       0x6f ./inc/lcd.o
 .comment       0x0000006e       0x6f ./inc/pwm.o
 .comment       0x0000006e       0x6f ./inc/uart.o
 .comment       0x0000006e       0x6f C:\Users\vargjere\Documents\MCUXpressoIDE_10.0.2_411\workspace\CMSIS_CORE_LPC17xx\Debug\libCMSIS_CORE_LPC17xx.a(system_LPC17xx.o)
 .comment       0x0000006e       0x6f C:\Users\vargjere\Documents\MCUXpressoIDE_10.0.2_411\workspace\lpc_board_nxp_lpcxpresso_1769\Debug\liblpc_board_nxp_lpcxpresso_1769.a(board.o)
 .comment       0x0000006e       0x6f C:\Users\vargjere\Documents\MCUXpressoIDE_10.0.2_411\workspace\lpc_chip_175x_6x\Debug\liblpc_chip_175x_6x.a(clock_17xx_40xx.o)
 .comment       0x0000006e       0x6f C:\Users\vargjere\Documents\MCUXpressoIDE_10.0.2_411\workspace\lpc_chip_175x_6x\Debug\liblpc_chip_175x_6x.a(timer_17xx_40xx.o)
 .comment       0x0000006e       0x6f C:\Users\vargjere\Documents\MCUXpressoIDE_10.0.2_411\workspace\lpc_chip_175x_6x\Debug\liblpc_chip_175x_6x.a(uart_17xx_40xx.o)
 .comment       0x0000006e       0x6f c:/nxp/mcuxpressoide_10.0.2_411/ide/tools/bin/../lib/gcc/arm-none-eabi/5.4.1/../../../../arm-none-eabi/lib/armv7-m\libcr_c.a(__weak__main.o)
 .comment       0x0000006e       0x6f c:/nxp/mcuxpressoide_10.0.2_411/ide/tools/bin/../lib/gcc/arm-none-eabi/5.4.1/../../../../arm-none-eabi/lib/armv7-m\libcr_c.a(strcmp.o)

.ARM.attributes
                0x00000000       0x31
 .ARM.attributes
                0x00000000       0x33 ./src/Estacionamiento.o
 .ARM.attributes
                0x00000033       0x33 ./src/cr_startup_lpc175x_6x.o
 .ARM.attributes
                0x00000066       0x33 ./src/crp.o
 .ARM.attributes
                0x00000099       0x33 ./inc/lcd.o
 .ARM.attributes
                0x000000cc       0x33 ./inc/pwm.o
 .ARM.attributes
                0x000000ff       0x33 ./inc/uart.o
 .ARM.attributes
                0x00000132       0x33 C:\Users\vargjere\Documents\MCUXpressoIDE_10.0.2_411\workspace\CMSIS_CORE_LPC17xx\Debug\libCMSIS_CORE_LPC17xx.a(system_LPC17xx.o)
 .ARM.attributes
                0x00000165       0x33 C:\Users\vargjere\Documents\MCUXpressoIDE_10.0.2_411\workspace\lpc_board_nxp_lpcxpresso_1769\Debug\liblpc_board_nxp_lpcxpresso_1769.a(board.o)
 .ARM.attributes
                0x00000198       0x33 C:\Users\vargjere\Documents\MCUXpressoIDE_10.0.2_411\workspace\lpc_chip_175x_6x\Debug\liblpc_chip_175x_6x.a(clock_17xx_40xx.o)
 .ARM.attributes
                0x000001cb       0x33 C:\Users\vargjere\Documents\MCUXpressoIDE_10.0.2_411\workspace\lpc_chip_175x_6x\Debug\liblpc_chip_175x_6x.a(timer_17xx_40xx.o)
 .ARM.attributes
                0x000001fe       0x33 C:\Users\vargjere\Documents\MCUXpressoIDE_10.0.2_411\workspace\lpc_chip_175x_6x\Debug\liblpc_chip_175x_6x.a(uart_17xx_40xx.o)
 .ARM.attributes
                0x00000231       0x33 c:/nxp/mcuxpressoide_10.0.2_411/ide/tools/bin/../lib/gcc/arm-none-eabi/5.4.1/../../../../arm-none-eabi/lib/armv7-m\libcr_c.a(__weak__main.o)
 .ARM.attributes
                0x00000264       0x33 c:/nxp/mcuxpressoide_10.0.2_411/ide/tools/bin/../lib/gcc/arm-none-eabi/5.4.1/../../../../arm-none-eabi/lib/armv7-m\libcr_c.a(strcmp.o)
 .ARM.attributes
                0x00000297       0x21 c:/nxp/mcuxpressoide_10.0.2_411/ide/tools/bin/../lib/gcc/arm-none-eabi/5.4.1/armv7-m\libcr_eabihelpers.a(division_64.o)
 .ARM.attributes
                0x000002b8       0x21 c:/nxp/mcuxpressoide_10.0.2_411/ide/tools/bin/../lib/gcc/arm-none-eabi/5.4.1/armv7-m\libcr_eabihelpers.a(division_idiv0.o)

.debug_frame    0x00000000     0x1984
 .debug_frame   0x00000000      0x334 ./src/Estacionamiento.o
 .debug_frame   0x00000334      0x170 ./src/cr_startup_lpc175x_6x.o
 .debug_frame   0x000004a4      0x35c ./inc/lcd.o
 .debug_frame   0x00000800       0x54 ./inc/pwm.o
 .debug_frame   0x00000854       0x88 ./inc/uart.o
 .debug_frame   0x000008dc       0x3c C:\Users\vargjere\Documents\MCUXpressoIDE_10.0.2_411\workspace\CMSIS_CORE_LPC17xx\Debug\libCMSIS_CORE_LPC17xx.a(system_LPC17xx.o)
 .debug_frame   0x00000918      0x5d4 C:\Users\vargjere\Documents\MCUXpressoIDE_10.0.2_411\workspace\lpc_board_nxp_lpcxpresso_1769\Debug\liblpc_board_nxp_lpcxpresso_1769.a(board.o)
 .debug_frame   0x00000eec      0x490 C:\Users\vargjere\Documents\MCUXpressoIDE_10.0.2_411\workspace\lpc_chip_175x_6x\Debug\liblpc_chip_175x_6x.a(clock_17xx_40xx.o)
 .debug_frame   0x0000137c       0xd0 C:\Users\vargjere\Documents\MCUXpressoIDE_10.0.2_411\workspace\lpc_chip_175x_6x\Debug\liblpc_chip_175x_6x.a(timer_17xx_40xx.o)
 .debug_frame   0x0000144c      0x538 C:\Users\vargjere\Documents\MCUXpressoIDE_10.0.2_411\workspace\lpc_chip_175x_6x\Debug\liblpc_chip_175x_6x.a(uart_17xx_40xx.o)
